>0 LN:i:31 KC:i:6130 km:f:6130.0   L:-:0:- L:-:507	6130	4693
>1 LN:i:31 KC:i:11 km:f:11.0   L:-:510:-  L:+:559:	11	4
>2 LN:i:35 KC:i:876 km:f:175.2   L:-:717:-  L:+:74	175	126
>3 LN:i:39 KC:i:18 km:f:2.0   L:-:4:-  	2	*
>4 LN:i:31 KC:i:8 km:f:8.0   L:-:5:-  L:+:3:+ L:+:	8	2
>5 LN:i:31 KC:i:16 km:f:16.0   L:-:830:-  L:+:4:+ 	16	9
>6 LN:i:34 KC:i:8 km:f:2.0    	2	*
>7 LN:i:40 KC:i:20 km:f:2.0    	2	*
>8 LN:i:34 KC:i:11 km:f:2.8    	2	*
>9 LN:i:31 KC:i:25 km:f:25.0   L:-:438:-  L:+:10:+	25	13
>10 LN:i:31 KC:i:15 km:f:15.0   L:-:9:-  L:+:524:+	15	7
>11 LN:i:32 KC:i:4 km:f:2.0    	2	*
>12 LN:i:33 KC:i:12 km:f:4.0    L:+:827:+ 	4	*
>13 LN:i:31 KC:i:2 km:f:2.0    	2	*
>14 LN:i:35 KC:i:10 km:f:2.0    	2	*
>15 LN:i:31 KC:i:2 km:f:2.0    	2	*
>16 LN:i:36 KC:i:12 km:f:2.0    	2	*
>17 LN:i:35 KC:i:10 km:f:2.0    	2	*
>18 LN:i:36 KC:i:12 km:f:2.0    	2	*
>19 LN:i:31 KC:i:2 km:f:2.0    L:+:21:- 	2	*
>20 LN:i:31 KC:i:87 km:f:87.0   L:+:722:+  L:-:21:	87	17
>21 LN:i:31 KC:i:13 km:f:13.0   L:+:19:- L:+:22:- 	13	2
>22 LN:i:34 KC:i:9 km:f:2.2    L:+:21:- 	2	*
>23 LN:i:31 KC:i:8 km:f:8.0   L:+:21:-  L:-:429:+ 	8	*
>24 LN:i:43 KC:i:26 km:f:2.0    	2	*
>25 LN:i:44 KC:i:28 km:f:2.0    	2	*
>26 LN:i:35 KC:i:10 km:f:2.0    	2	*
>27 LN:i:37 KC:i:14 km:f:2.0    	2	*
>28 LN:i:33 KC:i:6 km:f:2.0    	2	*
>29 LN:i:32 KC:i:4 km:f:2.0    	2	*
>30 LN:i:32 KC:i:58 km:f:29.0   L:+:461:+  L:-:449	29	2
>31 LN:i:35 KC:i:10 km:f:2.0    L:+:856:+ 	2	*
>32 LN:i:32 KC:i:80 km:f:40.0   L:-:34:-  L:+:671:	40	2
>33 LN:i:33 KC:i:6 km:f:2.0    L:+:671:+ 	2	*
>34 LN:i:34 KC:i:181 km:f:45.2   L:-:697:+ L:-:885	45	2
>35 LN:i:35 KC:i:10 km:f:2.0    	2	*
>36 LN:i:38 KC:i:16 km:f:2.0   L:-:774:+  	2	*
>37 LN:i:34 KC:i:8 km:f:2.0    	2	*
>38 LN:i:32 KC:i:4 km:f:2.0    	2	*
>39 LN:i:34 KC:i:8 km:f:2.0   L:-:533:+  	2	*
>40 LN:i:38 KC:i:16 km:f:2.0    	2	*
>41 LN:i:31 KC:i:2 km:f:2.0    	2	*
>42 LN:i:40 KC:i:176 km:f:17.6   L:-:43:- L:-:680:	17	*
>43 LN:i:33 KC:i:43 km:f:14.3   L:-:44:+ L:-:870:+	14	*
>44 LN:i:34 KC:i:9 km:f:2.2   L:-:43:+  	2	*
>45 LN:i:32 KC:i:4 km:f:2.0    	2	*
>46 LN:i:40 KC:i:20 km:f:2.0    	2	*
>47 LN:i:43 KC:i:176 km:f:13.5   L:+:51:+  L:-:48:	13	*
>48 LN:i:33 KC:i:25 km:f:8.3   L:-:47:+  L:+:489:+	8	*
>49 LN:i:41 KC:i:33 km:f:3.0   L:-:51:+  	3	*
>50 LN:i:31 KC:i:17 km:f:17.0   L:-:51:- L:-:54:+ 	17	3
>51 LN:i:31 KC:i:17 km:f:17.0   L:-:47:- L:-:49:+ 	17	3
>52 LN:i:37 KC:i:14 km:f:2.0    L:-:489:+ 	2	*
>53 LN:i:44 KC:i:28 km:f:2.0   L:-:883:+  	2	*
>54 LN:i:41 KC:i:22 km:f:2.0   L:-:50:+  	2	*
>55 LN:i:31 KC:i:2 km:f:2.0   L:+:720:+  	2	*
>56 LN:i:37 KC:i:14 km:f:2.0    	2	*
>57 LN:i:32 KC:i:4 km:f:2.0    	2	*
>58 LN:i:38 KC:i:16 km:f:2.0    	2	*
>59 LN:i:31 KC:i:2 km:f:2.0    	2	*
>60 LN:i:37 KC:i:14 km:f:2.0    	2	*
>61 LN:i:33 KC:i:6 km:f:2.0    	2	*
>62 LN:i:48 KC:i:425 km:f:23.6   L:-:755:+ L:-:807	23	*
>63 LN:i:33 KC:i:6 km:f:2.0   L:-:570:+  	2	*
>64 LN:i:31 KC:i:4 km:f:4.0   L:+:910:+  L:-:65:+ 	4	*
>65 LN:i:43 KC:i:26 km:f:2.0    L:-:64:+ 	2	*
>66 LN:i:33 KC:i:6 km:f:2.0    L:+:64:+ 	2	*
>67 LN:i:31 KC:i:2 km:f:2.0    L:+:910:+ 	2	*
>68 LN:i:32 KC:i:4 km:f:2.0    	2	*
>69 LN:i:31 KC:i:79 km:f:79.0   L:+:419:+  L:-:72:	79	2
>70 LN:i:31 KC:i:53 km:f:53.0   L:-:74:-  L:+:514:	53	*
>71 LN:i:32 KC:i:4 km:f:2.0   L:-:419:+  	2	*
>72 LN:i:31 KC:i:78 km:f:78.0   L:-:73:+ L:-:74:+ 	78	2
>73 LN:i:31 KC:i:5 km:f:5.0   L:-:72:+  L:+:552:+ 	5	*
>74 LN:i:31 KC:i:62 km:f:62.0   L:-:72:+  L:+:70:+	62	2
>75 LN:i:38 KC:i:16 km:f:2.0    	2	2
>76 LN:i:42 KC:i:56 km:f:4.7    L:+:548:- 	4	*
>77 LN:i:34 KC:i:50 km:f:12.5   L:+:548:-  L:-:455	12	*
>78 LN:i:31 KC:i:2 km:f:2.0    L:-:80:- 	2	6
>79 LN:i:33 KC:i:47 km:f:15.7   L:+:89:+ L:+:496:+	15	11
>80 LN:i:34 KC:i:18 km:f:4.5   L:+:78:+ L:+:85:-  	4	8
>81 LN:i:44 KC:i:62 km:f:4.4   L:+:89:-  L:-:80:+ 	4	3:7
>82 LN:i:32 KC:i:24 km:f:12.0   L:-:86:+ L:-:88:+ 	12	10
>83 LN:i:31 KC:i:2 km:f:2.0    	2	*
>84 LN:i:49 KC:i:42 km:f:2.2    L:-:80:+ 	2	3
>85 LN:i:44 KC:i:58 km:f:4.1   L:+:80:-  L:-:79:+ 	4	2:*:2
>86 LN:i:47 KC:i:35 km:f:2.1   L:-:82:+  	2	*
>87 LN:i:41 KC:i:22 km:f:2.0    	2	4
>88 LN:i:42 KC:i:124 km:f:10.3   L:-:82:+  L:+:89:	10	8
>89 LN:i:31 KC:i:12 km:f:12.0   L:-:79:- L:-:902:+	12	11
>90 LN:i:33 KC:i:7 km:f:2.3   L:-:91:+  	2	*
>91 LN:i:36 KC:i:174 km:f:29.0   L:-:90:+ L:-:856:	29	2
>92 LN:i:35 KC:i:141 km:f:28.2   L:+:757:+ L:+:904	28	*
>93 LN:i:34 KC:i:8 km:f:2.0    	2	*
>94 LN:i:38 KC:i:16 km:f:2.0    	2	*
>95 LN:i:39 KC:i:18 km:f:2.0    	2	*
>96 LN:i:34 KC:i:9 km:f:2.2    L:-:98:+ L:-:838:- 	2	*
>97 LN:i:31 KC:i:2 km:f:2.0    	2	2
>98 LN:i:34 KC:i:8 km:f:2.0    L:-:96:+ 	2	*
>99 LN:i:34 KC:i:8 km:f:2.0    L:-:100:- 	2	*
>100 LN:i:37 KC:i:69 km:f:9.9   L:-:426:-  L:+:99:	9	*
>101 LN:i:31 KC:i:2 km:f:2.0    	2	*
>102 LN:i:42 KC:i:34 km:f:2.8   L:-:908:-  	2	*
>103 LN:i:44 KC:i:30 km:f:2.1   L:-:908:-  	2	*
>104 LN:i:31 KC:i:8 km:f:8.0   L:-:882:+  L:+:105:	8	2
>105 LN:i:31 KC:i:2 km:f:2.0   L:-:104:-  	2	*
>106 LN:i:35 KC:i:131 km:f:26.2   L:-:570:- L:-:69	26	2
>107 LN:i:40 KC:i:20 km:f:2.0    L:+:104:- 	2	*
>108 LN:i:44 KC:i:28 km:f:2.0   L:-:529:-  	2	*
>109 LN:i:31 KC:i:2 km:f:2.0    L:+:529:- 	2	*
>110 LN:i:33 KC:i:6 km:f:2.0    	2	*
>111 LN:i:31 KC:i:2 km:f:2.0    	2	*
>112 LN:i:34 KC:i:8 km:f:2.0    	2	*
>113 LN:i:37 KC:i:14 km:f:2.0    	2	*
>114 LN:i:37 KC:i:14 km:f:2.0    	2	*
>115 LN:i:31 KC:i:73 km:f:73.0   L:+:117:+ L:+:685	73	32
>116 LN:i:33 KC:i:8 km:f:2.7   L:-:117:- L:-:119:-	2	*
>117 LN:i:31 KC:i:75 km:f:75.0   L:-:115:- L:-:118	75	32
>118 LN:i:31 KC:i:2 km:f:2.0    L:+:117:+ L:+:685:	2	*
>119 LN:i:31 KC:i:3 km:f:3.0    L:+:115:+ L:+:116:	3	*
>120 LN:i:31 KC:i:2 km:f:2.0    	2	*
>121 LN:i:41 KC:i:22 km:f:2.0    	2	*
>122 LN:i:32 KC:i:5 km:f:2.5    L:+:466:+ 	2	*
>123 LN:i:32 KC:i:74 km:f:37.0   L:+:466:+  L:-:12	37	4
>124 LN:i:32 KC:i:4 km:f:2.0   L:-:126:+  	2	*
>125 LN:i:32 KC:i:64 km:f:32.0   L:+:627:+ L:+:704	32	4
>126 LN:i:31 KC:i:38 km:f:38.0   L:-:123:+ L:-:124	38	4
>127 LN:i:34 KC:i:134 km:f:33.5   L:+:125:+ L:+:67	33	4
>128 LN:i:34 KC:i:8 km:f:2.0    	2	*
>129 LN:i:31 KC:i:2 km:f:2.0   L:-:623:+  	2	*
>130 LN:i:46 KC:i:234 km:f:14.6   L:-:131:-  L:+:1	14	*
>131 LN:i:31 KC:i:20 km:f:20.0   L:-:566:+  L:+:13	20	*
>132 LN:i:32 KC:i:4 km:f:2.0    L:-:130:- 	2	*
>133 LN:i:39 KC:i:18 km:f:2.0    	2	*
>134 LN:i:32 KC:i:34 km:f:17.0   L:+:829:+  L:-:13	17	*
>135 LN:i:32 KC:i:4 km:f:2.0    L:+:134:+ 	2	*
>136 LN:i:34 KC:i:10 km:f:2.5    L:-:137:- 	2	*
>137 LN:i:33 KC:i:40 km:f:13.3   L:-:134:+  L:+:13	13	*
>138 LN:i:38 KC:i:16 km:f:2.0   L:-:829:+  	2	*
>139 LN:i:40 KC:i:20 km:f:2.0    	2	*
>140 LN:i:32 KC:i:4 km:f:2.0    	2	*
>141 LN:i:32 KC:i:4 km:f:2.0    	2	*
>142 LN:i:37 KC:i:226 km:f:32.3   L:-:144:+ L:-:43	32	2
>143 LN:i:39 KC:i:94 km:f:10.4   L:-:880:+  	10	*
>144 LN:i:32 KC:i:64 km:f:32.0   L:-:142:+  L:+:14	32	2
>145 LN:i:31 KC:i:29 km:f:29.0   L:-:146:+ L:-:574	29	*
>146 LN:i:34 KC:i:97 km:f:24.2   L:-:145:+  L:+:56	24	*
>147 LN:i:33 KC:i:6 km:f:2.0    	2	*
>148 LN:i:42 KC:i:30 km:f:2.5    	2	*
>149 LN:i:31 KC:i:2 km:f:2.0    	2	*
>150 LN:i:31 KC:i:9 km:f:9.0   L:+:151:- L:+:744:+	9	*
>151 LN:i:40 KC:i:20 km:f:2.0   L:+:150:-  	2	*
>152 LN:i:35 KC:i:12 km:f:2.4    L:+:462:- 	2	*
>153 LN:i:32 KC:i:4 km:f:2.0    	2	*
>154 LN:i:32 KC:i:5 km:f:2.5    L:-:755:- 	2	*
>155 LN:i:31 KC:i:70 km:f:70.0   L:-:604:+  L:+:15	70	3
>156 LN:i:31 KC:i:63 km:f:63.0   L:-:155:-  L:+:15	63	3
>157 LN:i:31 KC:i:6 km:f:6.0   L:-:474:+ L:-:724:+	6	*
>158 LN:i:32 KC:i:12 km:f:6.0   L:+:770:- L:+:854:	6	*
>159 LN:i:49 KC:i:38 km:f:2.0    	2	*
>160 LN:i:32 KC:i:4 km:f:2.0    	2	*
>161 LN:i:31 KC:i:2 km:f:2.0    	2	*
>162 LN:i:40 KC:i:20 km:f:2.0    	2	*
>163 LN:i:45 KC:i:30 km:f:2.0    	2	*
>164 LN:i:31 KC:i:2 km:f:2.0    	2	*
>165 LN:i:37 KC:i:14 km:f:2.0    	2	2
>166 LN:i:48 KC:i:36 km:f:2.0    	2	*
>167 LN:i:37 KC:i:14 km:f:2.0    	2	*
>168 LN:i:32 KC:i:4 km:f:2.0    	2	*
>169 LN:i:36 KC:i:264 km:f:44.0   L:-:627:-  L:+:5	44	4
>170 LN:i:31 KC:i:2 km:f:2.0   L:+:627:-  	2	*
>171 LN:i:40 KC:i:48 km:f:4.8    L:-:595:- 	4	*
>172 LN:i:41 KC:i:33 km:f:3.0    L:-:595:- 	3	*
>173 LN:i:32 KC:i:5 km:f:2.5    L:+:174:+ L:+:764:	2	10
>174 LN:i:31 KC:i:2 km:f:2.0    L:-:173:- 	2	7
>175 LN:i:39 KC:i:18 km:f:2.0    	2	*
>176 LN:i:32 KC:i:4 km:f:2.0    	2	*
>177 LN:i:31 KC:i:3 km:f:3.0   L:-:445:+  	3	*
>178 LN:i:31 KC:i:7 km:f:7.0   L:-:651:- L:-:727:+	7	2
>179 LN:i:44 KC:i:28 km:f:2.0    	2	*
>180 LN:i:32 KC:i:4 km:f:2.0    	2	4
>181 LN:i:33 KC:i:6 km:f:2.0    	2	2
>182 LN:i:43 KC:i:26 km:f:2.0    	2	*
>183 LN:i:33 KC:i:6 km:f:2.0    	2	*
>184 LN:i:34 KC:i:8 km:f:2.0    	2	*
>185 LN:i:38 KC:i:16 km:f:2.0    	2	*
>186 LN:i:34 KC:i:19 km:f:4.8    L:+:744:- 	4	*
>187 LN:i:36 KC:i:12 km:f:2.0    L:+:744:- 	2	*
>188 LN:i:35 KC:i:32 km:f:6.4   L:-:762:+ L:-:771:	6	*
>189 LN:i:40 KC:i:20 km:f:2.0    	2	*
>190 LN:i:35 KC:i:10 km:f:2.0    	2	*
>191 LN:i:37 KC:i:14 km:f:2.0    	2	*
>192 LN:i:33 KC:i:6 km:f:2.0    	2	*
>193 LN:i:38 KC:i:16 km:f:2.0    	2	*
>194 LN:i:31 KC:i:2 km:f:2.0    	2	*
>195 LN:i:33 KC:i:11 km:f:3.7   L:+:631:-  	3	*
>196 LN:i:31 KC:i:2 km:f:2.0   L:-:746:-  	2	*
>197 LN:i:41 KC:i:22 km:f:2.0    	2	*
>198 LN:i:38 KC:i:21 km:f:2.6    L:-:588:+ 	2	*
>199 LN:i:31 KC:i:2 km:f:2.0    L:-:536:- 	2	*
>200 LN:i:36 KC:i:12 km:f:2.0    L:+:536:- 	2	*
>201 LN:i:33 KC:i:6 km:f:2.0    	2	*
>202 LN:i:44 KC:i:43 km:f:3.1    L:+:519:+ 	3	*
>203 LN:i:40 KC:i:20 km:f:2.0    L:-:519:+ 	2	*
>204 LN:i:40 KC:i:20 km:f:2.0    	2	*
>205 LN:i:38 KC:i:16 km:f:2.0    	2	*
>206 LN:i:37 KC:i:14 km:f:2.0    	2	*
>207 LN:i:39 KC:i:18 km:f:2.0    	2	*
>208 LN:i:38 KC:i:16 km:f:2.0    	2	*
>209 LN:i:45 KC:i:30 km:f:2.0    	2	*
>210 LN:i:32 KC:i:4 km:f:2.0    	2	*
>211 LN:i:39 KC:i:18 km:f:2.0    	2	*
>212 LN:i:35 KC:i:10 km:f:2.0    	2	*
>213 LN:i:33 KC:i:6 km:f:2.0    	2	*
>214 LN:i:43 KC:i:26 km:f:2.0    	2	*
>215 LN:i:36 KC:i:12 km:f:2.0    	2	*
>216 LN:i:31 KC:i:2 km:f:2.0    	2	*
>217 LN:i:31 KC:i:2 km:f:2.0    	2	*
>218 LN:i:32 KC:i:4 km:f:2.0    	2	*
>219 LN:i:31 KC:i:2 km:f:2.0    	2	*
>220 LN:i:42 KC:i:24 km:f:2.0    	2	*
>221 LN:i:40 KC:i:20 km:f:2.0    	2	*
>222 LN:i:45 KC:i:30 km:f:2.0    	2	*
>223 LN:i:38 KC:i:16 km:f:2.0    	2	*
>224 LN:i:40 KC:i:33 km:f:3.3    L:-:227:- 	3	*
>225 LN:i:40 KC:i:21 km:f:2.1   L:-:227:-  	2	*
>226 LN:i:33 KC:i:9 km:f:3.0   L:+:796:+  	3	*
>227 LN:i:31 KC:i:11 km:f:11.0   L:-:796:+  L:+:22	11	*
>228 LN:i:32 KC:i:4 km:f:2.0    	2	*
>229 LN:i:36 KC:i:20 km:f:3.3   L:-:229:-  L:+:229	3	*
>230 LN:i:40 KC:i:20 km:f:2.0    	2	*
>231 LN:i:39 KC:i:18 km:f:2.0    L:+:232:- 	2	*
>232 LN:i:31 KC:i:11 km:f:11.0   L:-:765:-  L:+:23	11	*
>233 LN:i:44 KC:i:97 km:f:6.9    L:+:232:- 	6	*
>234 LN:i:35 KC:i:10 km:f:2.0    	2	*
>235 LN:i:40 KC:i:20 km:f:2.0    	2	*
>236 LN:i:31 KC:i:7 km:f:7.0   L:-:507:-  L:+:237:	7	*
>237 LN:i:31 KC:i:2 km:f:2.0    L:+:236:- 	2	*
>238 LN:i:31 KC:i:2 km:f:2.0    L:+:236:- 	2	*
>239 LN:i:32 KC:i:7 km:f:3.5    L:+:507:- 	3	2
>240 LN:i:32 KC:i:5 km:f:2.5    L:-:236:- 	2	*
>241 LN:i:34 KC:i:8 km:f:2.0    	2	*
>242 LN:i:32 KC:i:4 km:f:2.0    	2	*
>243 LN:i:33 KC:i:6 km:f:2.0    	2	*
>244 LN:i:43 KC:i:26 km:f:2.0    	2	*
>245 LN:i:34 KC:i:8 km:f:2.0    	2	*
>246 LN:i:32 KC:i:7 km:f:3.5   L:-:698:-  	3	2
>247 LN:i:35 KC:i:17 km:f:3.4    L:-:698:- 	3	2
>248 LN:i:32 KC:i:5 km:f:2.5   L:-:248:-  L:+:248:	2	2
>249 LN:i:33 KC:i:6 km:f:2.0    L:+:249:- 	2	*
>250 LN:i:31 KC:i:3 km:f:3.0    L:+:456:- 	3	9
>251 LN:i:32 KC:i:4 km:f:2.0    L:+:456:- 	2	2
>252 LN:i:34 KC:i:8 km:f:2.0    	2	*
>253 LN:i:31 KC:i:2 km:f:2.0    L:+:673:- 	2	2
>254 LN:i:34 KC:i:8 km:f:2.0    	2	*
>255 LN:i:32 KC:i:4 km:f:2.0    	2	*
>256 LN:i:31 KC:i:2 km:f:2.0    	2	*
>257 LN:i:37 KC:i:14 km:f:2.0    	2	*
>258 LN:i:37 KC:i:14 km:f:2.0   L:+:263:+  	2	*
>259 LN:i:31 KC:i:11 km:f:11.0   L:-:265:-  L:+:26	11	*
>260 LN:i:40 KC:i:29 km:f:2.9    L:-:261:- 	2	*
>261 LN:i:31 KC:i:35 km:f:35.0   L:-:514:-  L:+:26	35	*
>262 LN:i:41 KC:i:22 km:f:2.0    L:-:259:- 	2	*
>263 LN:i:32 KC:i:28 km:f:14.0   L:-:258:- L:-:777	14	*
>264 LN:i:44 KC:i:28 km:f:2.0    L:-:514:- 	2	*
>265 LN:i:31 KC:i:28 km:f:28.0   L:-:261:-  L:+:25	28	*
>266 LN:i:35 KC:i:10 km:f:2.0    	2	*
>267 LN:i:36 KC:i:146 km:f:24.3   L:-:543:+  L:+:2	24	3
>268 LN:i:31 KC:i:2 km:f:2.0    	2	*
>269 LN:i:42 KC:i:46 km:f:3.8   L:-:267:-  	3	*
>270 LN:i:49 KC:i:38 km:f:2.0    	2	*
>271 LN:i:35 KC:i:10 km:f:2.0    	2	*
>272 LN:i:39 KC:i:18 km:f:2.0    	2	*
>273 LN:i:51 KC:i:48 km:f:2.3    	2	*
>274 LN:i:36 KC:i:12 km:f:2.0    	2	*
>275 LN:i:36 KC:i:12 km:f:2.0    	2	*
>276 LN:i:44 KC:i:28 km:f:2.0    	2	*
>277 LN:i:38 KC:i:16 km:f:2.0    	2	*
>278 LN:i:37 KC:i:95 km:f:13.6   L:-:455:-  L:+:55	13	2
>279 LN:i:34 KC:i:8 km:f:2.0    	2	*
>280 LN:i:36 KC:i:12 km:f:2.0    	2	*
>281 LN:i:58 KC:i:97 km:f:3.5    	3	*
>282 LN:i:35 KC:i:10 km:f:2.0    	2	*
>283 LN:i:31 KC:i:2 km:f:2.0    	2	*
>284 LN:i:35 KC:i:10 km:f:2.0    	2	*
>285 LN:i:34 KC:i:8 km:f:2.0    	2	*
>286 LN:i:37 KC:i:14 km:f:2.0    	2	*
>287 LN:i:39 KC:i:18 km:f:2.0    	2	*
>288 LN:i:41 KC:i:22 km:f:2.0    	2	2
>289 LN:i:40 KC:i:20 km:f:2.0    	2	*
>290 LN:i:35 KC:i:10 km:f:2.0    	2	*
>291 LN:i:31 KC:i:2 km:f:2.0    L:+:325:+ 	2	*
>292 LN:i:32 KC:i:4 km:f:2.0    	2	*
>293 LN:i:32 KC:i:4 km:f:2.0    	2	*
>294 LN:i:47 KC:i:34 km:f:2.0    	2	*
>295 LN:i:56 KC:i:75 km:f:2.9    	2	2:*:2
>296 LN:i:51 KC:i:52 km:f:2.5    	2	*
>297 LN:i:32 KC:i:4 km:f:2.0    	2	*
>298 LN:i:37 KC:i:14 km:f:2.0    	2	*
>299 LN:i:39 KC:i:18 km:f:2.0    	2	*
>300 LN:i:36 KC:i:12 km:f:2.0    	2	*
>301 LN:i:38 KC:i:16 km:f:2.0    	2	*
>302 LN:i:35 KC:i:10 km:f:2.0    	2	*
>303 LN:i:33 KC:i:21 km:f:7.0   L:-:303:-  L:+:303	7	*
>304 LN:i:35 KC:i:10 km:f:2.0    	2	*
>305 LN:i:32 KC:i:4 km:f:2.0    	2	*
>306 LN:i:38 KC:i:16 km:f:2.0    	2	*
>307 LN:i:43 KC:i:26 km:f:2.0    	2	*
>308 LN:i:37 KC:i:14 km:f:2.0    	2	*
>309 LN:i:42 KC:i:24 km:f:2.0    	2	*
>310 LN:i:40 KC:i:20 km:f:2.0    	2	*
>311 LN:i:63 KC:i:149 km:f:4.5    	4	*
>312 LN:i:33 KC:i:6 km:f:2.0    	2	*
>313 LN:i:40 KC:i:20 km:f:2.0    	2	*
>314 LN:i:51 KC:i:55 km:f:2.6    	2	*
>315 LN:i:40 KC:i:20 km:f:2.0    	2	*
>316 LN:i:32 KC:i:4 km:f:2.0    	2	*
>317 LN:i:33 KC:i:6 km:f:2.0    	2	*
>318 LN:i:40 KC:i:20 km:f:2.0    	2	*
>319 LN:i:34 KC:i:8 km:f:2.0    	2	2
>320 LN:i:40 KC:i:20 km:f:2.0    	2	*
>321 LN:i:48 KC:i:36 km:f:2.0    	2	*
>322 LN:i:38 KC:i:16 km:f:2.0    	2	*
>323 LN:i:45 KC:i:30 km:f:2.0    	2	*
>324 LN:i:33 KC:i:6 km:f:2.0    	2	*
>325 LN:i:31 KC:i:5 km:f:5.0   L:-:291:- L:-:465:-	5	*
>326 LN:i:32 KC:i:4 km:f:2.0    	2	*
>327 LN:i:40 KC:i:20 km:f:2.0    	2	*
>328 LN:i:36 KC:i:12 km:f:2.0    	2	*
>329 LN:i:41 KC:i:22 km:f:2.0    	2	2
>330 LN:i:40 KC:i:20 km:f:2.0    	2	*
>331 LN:i:39 KC:i:18 km:f:2.0    	2	*
>332 LN:i:46 KC:i:32 km:f:2.0    	2	*
>333 LN:i:45 KC:i:30 km:f:2.0    	2	*
>334 LN:i:42 KC:i:24 km:f:2.0    	2	*
>335 LN:i:34 KC:i:8 km:f:2.0    	2	*
>336 LN:i:38 KC:i:16 km:f:2.0    	2	*
>337 LN:i:33 KC:i:6 km:f:2.0    	2	*
>338 LN:i:38 KC:i:16 km:f:2.0    	2	*
>339 LN:i:36 KC:i:12 km:f:2.0    	2	*
>340 LN:i:47 KC:i:34 km:f:2.0    	2	*
>341 LN:i:44 KC:i:28 km:f:2.0    	2	*
>342 LN:i:36 KC:i:12 km:f:2.0    	2	*
>343 LN:i:35 KC:i:10 km:f:2.0    L:+:455:- 	2	*
>344 LN:i:47 KC:i:34 km:f:2.0    	2	*
>345 LN:i:46 KC:i:32 km:f:2.0    	2	2
>346 LN:i:46 KC:i:32 km:f:2.0    	2	*
>347 LN:i:32 KC:i:4 km:f:2.0    	2	*
>348 LN:i:36 KC:i:12 km:f:2.0    	2	*
>349 LN:i:32 KC:i:4 km:f:2.0    	2	2
>350 LN:i:41 KC:i:22 km:f:2.0    	2	*
>351 LN:i:31 KC:i:2 km:f:2.0    	2	*
>352 LN:i:47 KC:i:34 km:f:2.0    	2	*
>353 LN:i:73 KC:i:219 km:f:5.1    	5	*
>354 LN:i:36 KC:i:12 km:f:2.0    	2	*
>355 LN:i:31 KC:i:32 km:f:32.0   L:-:325:- L:-:543	32	3
>356 LN:i:33 KC:i:8 km:f:2.7    L:-:616:- 	2	*
>357 LN:i:41 KC:i:22 km:f:2.0    	2	*
>358 LN:i:50 KC:i:40 km:f:2.0    	2	*
>359 LN:i:32 KC:i:4 km:f:2.0    	2	*
>360 LN:i:41 KC:i:22 km:f:2.0    	2	*
>361 LN:i:36 KC:i:12 km:f:2.0    	2	2
>362 LN:i:49 KC:i:38 km:f:2.0    	2	*
>363 LN:i:36 KC:i:12 km:f:2.0    	2	*
>364 LN:i:36 KC:i:12 km:f:2.0    	2	*
>365 LN:i:34 KC:i:21 km:f:5.2   L:-:365:-  L:+:365	5	*
>366 LN:i:47 KC:i:34 km:f:2.0    	2	*
>367 LN:i:38 KC:i:16 km:f:2.0    	2	*
>368 LN:i:31 KC:i:2 km:f:2.0    	2	*
>369 LN:i:44 KC:i:28 km:f:2.0    	2	*
>370 LN:i:35 KC:i:10 km:f:2.0    	2	*
>371 LN:i:42 KC:i:24 km:f:2.0    	2	*
>372 LN:i:39 KC:i:18 km:f:2.0    	2	*
>373 LN:i:36 KC:i:12 km:f:2.0    	2	*
>374 LN:i:33 KC:i:6 km:f:2.0    	2	*
>375 LN:i:46 KC:i:32 km:f:2.0    	2	*
>376 LN:i:31 KC:i:2 km:f:2.0    	2	*
>377 LN:i:42 KC:i:24 km:f:2.0    	2	*
>378 LN:i:51 KC:i:42 km:f:2.0    	2	*
>379 LN:i:41 KC:i:30 km:f:2.7    	2	*
>380 LN:i:42 KC:i:24 km:f:2.0    	2	*
>381 LN:i:90 KC:i:240 km:f:4.0    	4	*
>382 LN:i:36 KC:i:12 km:f:2.0    	2	*
>383 LN:i:49 KC:i:38 km:f:2.0    	2	*
>384 LN:i:36 KC:i:12 km:f:2.0    	2	*
>385 LN:i:35 KC:i:10 km:f:2.0    	2	*
>386 LN:i:31 KC:i:2 km:f:2.0    	2	*
>387 LN:i:35 KC:i:10 km:f:2.0    	2	*
>388 LN:i:51 KC:i:45 km:f:2.1    	2	*
>389 LN:i:31 KC:i:2 km:f:2.0    	2	*
>390 LN:i:37 KC:i:14 km:f:2.0    	2	*
>391 LN:i:46 KC:i:32 km:f:2.0    	2	*
>392 LN:i:37 KC:i:14 km:f:2.0    	2	*
>393 LN:i:42 KC:i:24 km:f:2.0    	2	*
>394 LN:i:47 KC:i:34 km:f:2.0    	2	*
>395 LN:i:43 KC:i:26 km:f:2.0    	2	*
>396 LN:i:39 KC:i:24 km:f:2.7    	2	*
>397 LN:i:47 KC:i:34 km:f:2.0    	2	*
>398 LN:i:51 KC:i:42 km:f:2.0    	2	*
>399 LN:i:34 KC:i:21 km:f:5.2   L:-:399:-  L:+:399	5	*
>400 LN:i:51 KC:i:43 km:f:2.0    	2	*
>401 LN:i:41 KC:i:22 km:f:2.0    	2	*
>402 LN:i:31 KC:i:2 km:f:2.0    	2	*
>403 LN:i:47 KC:i:34 km:f:2.0    	2	*
>404 LN:i:34 KC:i:8 km:f:2.0    	2	*
>405 LN:i:48 KC:i:36 km:f:2.0    	2	*
>406 LN:i:78 KC:i:204 km:f:4.2   L:+:870:-  L:-:58	4	*
>407 LN:i:43 KC:i:26 km:f:2.0    	2	*
>408 LN:i:44 KC:i:121 km:f:8.6   L:-:9:-  	8	5
>409 LN:i:51 KC:i:45 km:f:2.1    	2	*
>410 LN:i:44 KC:i:28 km:f:2.0    	2	*
>411 LN:i:42 KC:i:24 km:f:2.0    	2	*
>412 LN:i:93 KC:i:290 km:f:4.6   L:+:489:-  	4	*
>413 LN:i:58 KC:i:92 km:f:3.3    	3	*
>414 LN:i:36 KC:i:24 km:f:4.0   L:-:566:+  	4	*
>415 LN:i:31 KC:i:222 km:f:222.0   L:-:0:- L:-:507	222	156
>416 LN:i:43 KC:i:27 km:f:2.1    L:-:69:+ 	2	*
>417 LN:i:41 KC:i:22 km:f:2.0    	2	*
>418 LN:i:44 KC:i:28 km:f:2.0    	2	*
>419 LN:i:55 KC:i:409 km:f:16.4   L:-:69:- L:-:71:	16	2
>420 LN:i:42 KC:i:43 km:f:3.6    L:-:576:- 	3	*
>421 LN:i:42 KC:i:24 km:f:2.0    	2	*
>422 LN:i:68 KC:i:124 km:f:3.3    	3	*
>423 LN:i:37 KC:i:14 km:f:2.0    	2	*
>424 LN:i:51 KC:i:43 km:f:2.0    	2	2:*:2
>425 LN:i:51 KC:i:42 km:f:2.0    	2	*
>426 LN:i:43 KC:i:83 km:f:6.4   L:-:774:+  L:+:100	6	*
>427 LN:i:42 KC:i:24 km:f:2.0    L:+:227:- 	2	*
>428 LN:i:33 KC:i:6 km:f:2.0    	2	*
>429 LN:i:43 KC:i:39 km:f:3.0    L:-:23:+ 	3	*
>430 LN:i:43 KC:i:27 km:f:2.1   L:-:882:+  	2	*
>431 LN:i:42 KC:i:25 km:f:2.1    L:+:608:- 	2	*
>432 LN:i:56 KC:i:56 km:f:2.2    	2	*
>433 LN:i:51 KC:i:53 km:f:2.5    	2	*
>434 LN:i:42 KC:i:46 km:f:3.8   L:-:142:+  	3	*
>435 LN:i:46 KC:i:32 km:f:2.0    	2	*
>436 LN:i:132 KC:i:357 km:f:3.5    	3	*
>437 LN:i:35 KC:i:10 km:f:2.0    	2	*
>438 LN:i:43 KC:i:263 km:f:20.2   L:-:0:- L:-:507:	20	13:14
>439 LN:i:51 KC:i:43 km:f:2.0    	2	*
>440 LN:i:33 KC:i:6 km:f:2.0    	2	*
>441 LN:i:134 KC:i:482 km:f:4.6    L:+:497:+ 	4	*
>442 LN:i:292 KC:i:1352 km:f:5.2   L:-:827:-  L:+:	5	*
>443 LN:i:44 KC:i:33 km:f:2.4    	2	2:*:3
>444 LN:i:47 KC:i:34 km:f:2.0    	2	*
>445 LN:i:31 KC:i:9 km:f:9.0   L:-:177:+ L:-:178:-	9	2
>446 LN:i:48 KC:i:36 km:f:2.0    	2	*
>447 LN:i:47 KC:i:34 km:f:2.0    	2	*
>448 LN:i:44 KC:i:50 km:f:3.6    L:+:514:- 	3	*
>449 LN:i:42 KC:i:36 km:f:3.0    L:-:30:+ 	3	*
>450 LN:i:50 KC:i:40 km:f:2.0    	2	*
>451 LN:i:49 KC:i:38 km:f:2.0    	2	*
>452 LN:i:63 KC:i:77 km:f:2.3    	2	*
>453 LN:i:41 KC:i:22 km:f:2.0    	2	*
>454 LN:i:35 KC:i:10 km:f:2.0    	2	*
>455 LN:i:51 KC:i:303 km:f:14.4   L:+:278:+ L:+:34	14	2
>456 LN:i:31 KC:i:7 km:f:7.0   L:-:507:-  L:+:250:	7	19
>457 LN:i:50 KC:i:40 km:f:2.0    	2	*
>458 LN:i:40 KC:i:20 km:f:2.0    	2	*
>459 LN:i:51 KC:i:52 km:f:2.5    	2	*
>460 LN:i:41 KC:i:22 km:f:2.0    L:+:150:+ 	2	*
>461 LN:i:57 KC:i:593 km:f:22.0   L:+:716:-  L:-:3	22	*
>462 LN:i:43 KC:i:158 km:f:12.2   L:+:152:- L:+:44	12	*
>463 LN:i:31 KC:i:2 km:f:2.0   L:-:631:-  	2	2
>464 LN:i:51 KC:i:56 km:f:2.7    	2	*
>465 LN:i:42 KC:i:36 km:f:3.0    L:+:325:+ 	3	*
>466 LN:i:95 KC:i:2165 km:f:33.3   L:-:122:- L:-:1	33	4:*:2:*:2:*:3
>467 LN:i:42 KC:i:48 km:f:4.0    L:-:126:- 	4	*
>468 LN:i:51 KC:i:42 km:f:2.0    	2	*
>469 LN:i:39 KC:i:144 km:f:16.0   L:-:613:+  L:+:8	16	*
>470 LN:i:47 KC:i:34 km:f:2.0    	2	*
>471 LN:i:39 KC:i:18 km:f:2.0    	2	*
>472 LN:i:42 KC:i:24 km:f:2.0    	2	*
>473 LN:i:42 KC:i:24 km:f:2.0    	2	*
>474 LN:i:41 KC:i:28 km:f:2.5    L:-:157:+ 	2	*
>475 LN:i:40 KC:i:20 km:f:2.0    	2	*
>476 LN:i:51 KC:i:42 km:f:2.0    	2	*
>477 LN:i:37 KC:i:14 km:f:2.0   L:-:697:-  	2	*
>478 LN:i:32 KC:i:4 km:f:2.0   L:+:746:-  	2	2
>479 LN:i:61 KC:i:86 km:f:2.8    	2	*
>480 LN:i:38 KC:i:16 km:f:2.0    	2	*
>481 LN:i:40 KC:i:29 km:f:2.9   L:-:795:+  	2	*
>482 LN:i:42 KC:i:40 km:f:3.3   L:-:830:-  	3	*
>483 LN:i:40 KC:i:20 km:f:2.0    	2	*
>484 LN:i:42 KC:i:85 km:f:7.1   L:-:5:-  	7	4
>485 LN:i:47 KC:i:34 km:f:2.0    	2	*
>486 LN:i:47 KC:i:34 km:f:2.0    	2	*
>487 LN:i:54 KC:i:65 km:f:2.7    	2	*
>488 LN:i:87 KC:i:207 km:f:3.6    	3	2:*:2:4
>489 LN:i:48 KC:i:159 km:f:8.8   L:+:412:- L:+:678	8	*
>490 LN:i:52 KC:i:70 km:f:3.2    	3	*
>491 LN:i:221 KC:i:1008 km:f:5.3    	5	*
>492 LN:i:46 KC:i:32 km:f:2.0    	2	*
>493 LN:i:48 KC:i:36 km:f:2.0    	2	*
>494 LN:i:77 KC:i:136 km:f:2.9    	2	*
>495 LN:i:41 KC:i:22 km:f:2.0    L:+:232:- 	2	*
>496 LN:i:84 KC:i:183 km:f:3.4   L:-:79:- L:-:902:	3	2:*:2
>497 LN:i:128 KC:i:663 km:f:6.8   L:-:441:- L:-:59	6	*
>498 LN:i:46 KC:i:32 km:f:2.0    	2	*
>499 LN:i:51 KC:i:53 km:f:2.5    	2	*
>500 LN:i:44 KC:i:36 km:f:2.6   L:-:745:-  	2	*
>501 LN:i:98 KC:i:267 km:f:3.9    	3	*
>502 LN:i:38 KC:i:16 km:f:2.0    	2	*
>503 LN:i:42 KC:i:24 km:f:2.0    	2	*
>504 LN:i:35 KC:i:10 km:f:2.0    	2	*
>505 LN:i:42 KC:i:24 km:f:2.0    	2	*
>506 LN:i:46 KC:i:32 km:f:2.0    	2	*
>507 LN:i:31 KC:i:18 km:f:18.0   L:-:0:+ L:-:415:+	18	23
>508 LN:i:51 KC:i:47 km:f:2.2    	2	*
>509 LN:i:37 KC:i:15 km:f:2.1    	2	*
>510 LN:i:43 KC:i:166 km:f:12.8   L:-:0:- L:-:507:	12	6
>511 LN:i:46 KC:i:32 km:f:2.0    	2	*
>512 LN:i:42 KC:i:27 km:f:2.2    	2	*
>513 LN:i:48 KC:i:36 km:f:2.0    	2	*
>514 LN:i:31 KC:i:45 km:f:45.0   L:-:70:-  L:+:261	45	*
>515 LN:i:96 KC:i:277 km:f:4.2    L:+:623:+ 	4	*
>516 LN:i:51 KC:i:57 km:f:2.7    	2	*
>517 LN:i:44 KC:i:29 km:f:2.1    L:+:261:- 	2	*
>518 LN:i:47 KC:i:34 km:f:2.0    	2	*
>519 LN:i:65 KC:i:195 km:f:5.6    L:-:202:- L:-:20	5	*
>520 LN:i:38 KC:i:16 km:f:2.0    	2	*
>521 LN:i:36 KC:i:12 km:f:2.0    	2	*
>522 LN:i:43 KC:i:26 km:f:2.0    	2	*
>523 LN:i:51 KC:i:49 km:f:2.3    	2	*
>524 LN:i:42 KC:i:113 km:f:9.4   L:-:10:-  	9	3
>525 LN:i:38 KC:i:16 km:f:2.0    	2	*
>526 LN:i:35 KC:i:10 km:f:2.0    	2	*
>527 LN:i:204 KC:i:1626 km:f:9.3   L:+:560:- L:+:5	9	*
>528 LN:i:35 KC:i:10 km:f:2.0    	2	*
>529 LN:i:33 KC:i:15 km:f:5.0   L:+:108:+ L:+:109:	5	*
>530 LN:i:35 KC:i:10 km:f:2.0    	2	7:5
>531 LN:i:38 KC:i:16 km:f:2.0    L:-:634:+ 	2	*
>532 LN:i:34 KC:i:8 km:f:2.0    	2	*
>533 LN:i:96 KC:i:832 km:f:12.6   L:-:39:+ L:-:669	12	2:*:2
>534 LN:i:69 KC:i:93 km:f:2.4    	2	*
>535 LN:i:51 KC:i:89 km:f:4.2    	4	*
>536 LN:i:59 KC:i:80 km:f:2.8    L:+:199:+ L:+:200	2	*
>537 LN:i:42 KC:i:24 km:f:2.0    	2	*
>538 LN:i:39 KC:i:18 km:f:2.0    	2	*
>539 LN:i:48 KC:i:39 km:f:2.2   L:-:722:+  	2	*
>540 LN:i:36 KC:i:12 km:f:2.0    	2	*
>541 LN:i:41 KC:i:55 km:f:5.0   L:-:4:-  	5	2
>542 LN:i:33 KC:i:6 km:f:2.0    	2	*
>543 LN:i:37 KC:i:190 km:f:27.1   L:-:267:+ L:-:69	27	3
>544 LN:i:59 KC:i:81 km:f:2.8    	2	*
>545 LN:i:52 KC:i:100 km:f:4.5    L:-:100:- 	4	*
>546 LN:i:51 KC:i:54 km:f:2.6    	2	*
>547 LN:i:40 KC:i:20 km:f:2.0    	2	*
>548 LN:i:49 KC:i:372 km:f:19.6   L:-:533:-  L:+:7	19	*
>549 LN:i:73 KC:i:155 km:f:3.6    	3	2
>550 LN:i:51 KC:i:42 km:f:2.0    	2	*
>551 LN:i:40 KC:i:30 km:f:3.0   L:+:278:-  	3	*
>552 LN:i:47 KC:i:34 km:f:2.0    L:-:73:- 	2	*
>553 LN:i:31 KC:i:2 km:f:2.0   L:-:818:-  	2	*
>554 LN:i:46 KC:i:102 km:f:6.4   L:-:62:-  L:+:657	6	*
>555 LN:i:32 KC:i:4 km:f:2.0    	2	*
>556 LN:i:38 KC:i:22 km:f:2.8    L:-:827:+ 	2	*
>557 LN:i:50 KC:i:40 km:f:2.0    	2	*
>558 LN:i:35 KC:i:10 km:f:2.0    	2	*
>559 LN:i:42 KC:i:89 km:f:7.4   L:-:1:-  	7	4
>560 LN:i:55 KC:i:309 km:f:12.4   L:+:527:-  L:-:1	12	*
>561 LN:i:31 KC:i:2 km:f:2.0   L:-:746:+ L:-:826:+	2	*
>562 LN:i:34 KC:i:8 km:f:2.0    	2	*
>563 LN:i:35 KC:i:10 km:f:2.0    	2	*
>564 LN:i:33 KC:i:6 km:f:2.0    	2	*
>565 LN:i:49 KC:i:38 km:f:2.0    	2	*
>566 LN:i:34 KC:i:89 km:f:22.2   L:-:131:+ L:-:414	22	*
>567 LN:i:42 KC:i:24 km:f:2.0    	2	*
>568 LN:i:50 KC:i:40 km:f:2.0    	2	*
>569 LN:i:50 KC:i:40 km:f:2.0    	2	*
>570 LN:i:86 KC:i:666 km:f:11.9   L:-:63:+ L:-:745	11	2
>571 LN:i:47 KC:i:34 km:f:2.0    	2	*
>572 LN:i:41 KC:i:657 km:f:59.7   L:+:617:- L:+:72	59	4
>573 LN:i:33 KC:i:6 km:f:2.0   L:+:527:-  	2	*
>574 LN:i:40 KC:i:27 km:f:2.7    L:-:145:+ 	2	*
>575 LN:i:49 KC:i:38 km:f:2.0    	2	*
>576 LN:i:34 KC:i:67 km:f:16.8   L:-:818:-  L:+:42	16	*
>577 LN:i:45 KC:i:30 km:f:2.0    	2	*
>578 LN:i:35 KC:i:10 km:f:2.0   L:+:725:-  	2	*
>579 LN:i:51 KC:i:51 km:f:2.4    	2	*
>580 LN:i:51 KC:i:42 km:f:2.0   L:-:426:-  	2	*
>581 LN:i:54 KC:i:492 km:f:20.5   L:-:30:+  L:+:42	20	*
>582 LN:i:51 KC:i:46 km:f:2.2    	2	*
>583 LN:i:48 KC:i:36 km:f:2.0    	2	*
>584 LN:i:46 KC:i:32 km:f:2.0    	2	*
>585 LN:i:51 KC:i:43 km:f:2.0    	2	*
>586 LN:i:162 KC:i:1195 km:f:9.1   L:-:634:+  	9	*
>587 LN:i:37 KC:i:14 km:f:2.0    	2	*
>588 LN:i:55 KC:i:272 km:f:10.9    L:-:198:+ L:-:6	10	*
>589 LN:i:68 KC:i:138 km:f:3.6    	3	*
>590 LN:i:40 KC:i:28 km:f:2.8    	2	*
>591 LN:i:36 KC:i:12 km:f:2.0    	2	*
>592 LN:i:40 KC:i:20 km:f:2.0    L:+:497:+ 	2	*
>593 LN:i:36 KC:i:12 km:f:2.0    	2	*
>594 LN:i:45 KC:i:30 km:f:2.0    	2	*
>595 LN:i:64 KC:i:195 km:f:5.7    L:+:171:+ L:+:17	5	*
>596 LN:i:89 KC:i:175 km:f:3.0   L:-:720:+  	3	*
>597 LN:i:44 KC:i:28 km:f:2.0    	2	*
>598 LN:i:48 KC:i:36 km:f:2.0    	2	*
>599 LN:i:31 KC:i:48 km:f:48.0   L:-:156:-  L:+:64	48	*
>600 LN:i:51 KC:i:53 km:f:2.5    	2	*
>601 LN:i:50 KC:i:40 km:f:2.0    	2	*
>602 LN:i:55 KC:i:110 km:f:4.4   L:-:613:+  L:+:86	4	2
>603 LN:i:63 KC:i:158 km:f:4.8    	4	*
>604 LN:i:54 KC:i:942 km:f:39.2   L:-:155:+ L:-:15	39	3:*:3
>605 LN:i:32 KC:i:4 km:f:2.0   L:-:615:-  	2	*
>606 LN:i:50 KC:i:45 km:f:2.2    	2	*
>607 LN:i:45 KC:i:30 km:f:2.0    	2	*
>608 LN:i:37 KC:i:79 km:f:11.3   L:+:431:- L:+:795	11	*
>609 LN:i:47 KC:i:49 km:f:2.9    L:+:514:- 	2	*
>610 LN:i:46 KC:i:49 km:f:3.1    L:-:73:- 	3	*
>611 LN:i:47 KC:i:34 km:f:2.0    	2	*
>612 LN:i:52 KC:i:88 km:f:4.0    	4	*
>613 LN:i:52 KC:i:314 km:f:14.3   L:+:62:-  L:-:46	14	*
>614 LN:i:38 KC:i:16 km:f:2.0    	2	*
>615 LN:i:69 KC:i:147 km:f:3.8    L:+:605:+ L:+:66	3	*
>616 LN:i:49 KC:i:81 km:f:4.3   L:-:765:-  L:+:356	4	*
>617 LN:i:32 KC:i:4 km:f:2.0   L:+:572:-  	2	*
>618 LN:i:43 KC:i:38 km:f:2.9   L:-:104:-  	2	*
>619 LN:i:45 KC:i:33 km:f:2.2    	2	*
>620 LN:i:47 KC:i:34 km:f:2.0    	2	*
>621 LN:i:46 KC:i:32 km:f:2.0    	2	*
>622 LN:i:34 KC:i:8 km:f:2.0    	2	*
>623 LN:i:244 KC:i:1101 km:f:5.1   L:-:129:+ L:-:5	5	2:*:2:*:2:*:3:*:2:*:2
>624 LN:i:36 KC:i:12 km:f:2.0    	2	*
>625 LN:i:33 KC:i:6 km:f:2.0    	2	*
>626 LN:i:32 KC:i:4 km:f:2.0    	2	*
>627 LN:i:41 KC:i:359 km:f:32.6   L:-:125:-  L:+:1	32	4
>628 LN:i:37 KC:i:17 km:f:2.4   L:-:117:+ L:-:685:	2	*
>629 LN:i:43 KC:i:26 km:f:2.0    	2	*
>630 LN:i:81 KC:i:235 km:f:4.6    	4	*
>631 LN:i:31 KC:i:12 km:f:12.0   L:-:0:+ L:-:415:+	12	15
>632 LN:i:51 KC:i:42 km:f:2.0    	2	*
>633 LN:i:43 KC:i:70 km:f:5.4    L:+:156:- 	5	*
>634 LN:i:68 KC:i:501 km:f:13.2   L:-:531:+ L:-:58	13	*
>635 LN:i:32 KC:i:4 km:f:2.0   L:-:20:+  	2	*
>636 LN:i:49 KC:i:41 km:f:2.2    	2	*
>637 LN:i:44 KC:i:28 km:f:2.0    L:-:23:+ 	2	*
>638 LN:i:32 KC:i:4 km:f:2.0    	2	*
>639 LN:i:42 KC:i:33 km:f:2.8    	2	*
>640 LN:i:38 KC:i:27 km:f:3.4    L:+:599:- 	3	*
>641 LN:i:51 KC:i:43 km:f:2.0    	2	*
>642 LN:i:42 KC:i:24 km:f:2.0    	2	*
>643 LN:i:37 KC:i:14 km:f:2.0    	2	*
>644 LN:i:40 KC:i:20 km:f:2.0    	2	*
>645 LN:i:39 KC:i:18 km:f:2.0   L:-:146:-  	2	*
>646 LN:i:48 KC:i:38 km:f:2.1    L:-:77:+ 	2	*
>647 LN:i:51 KC:i:59 km:f:2.8    	2	*
>648 LN:i:49 KC:i:38 km:f:2.0    	2	*
>649 LN:i:63 KC:i:118 km:f:3.6    	3	*
>650 LN:i:35 KC:i:13 km:f:2.6    L:+:70:- 	2	*
>651 LN:i:36 KC:i:22 km:f:3.7   L:+:178:+  	3	2
>652 LN:i:63 KC:i:108 km:f:3.3    	3	*
>653 LN:i:39 KC:i:18 km:f:2.0    	2	*
>654 LN:i:38 KC:i:16 km:f:2.0    	2	*
>655 LN:i:51 KC:i:43 km:f:2.0    	2	*
>656 LN:i:31 KC:i:13 km:f:13.0   L:-:608:+ L:-:766	13	*
>657 LN:i:45 KC:i:125 km:f:8.3   L:+:554:- L:+:855	8	*
>658 LN:i:47 KC:i:145 km:f:8.5   L:-:72:+  	8	*
>659 LN:i:47 KC:i:34 km:f:2.0    	2	*
>660 LN:i:51 KC:i:42 km:f:2.0    	2	*
>661 LN:i:32 KC:i:4 km:f:2.0    	2	*
>662 LN:i:42 KC:i:58 km:f:4.8   L:-:510:-  	4	2
>663 LN:i:62 KC:i:64 km:f:2.0    	2	*
>664 LN:i:101 KC:i:390 km:f:5.5    L:+:588:+ 	5	*
>665 LN:i:40 KC:i:20 km:f:2.0   L:-:615:-  	2	*
>666 LN:i:51 KC:i:52 km:f:2.5    	2	*
>667 LN:i:32 KC:i:4 km:f:2.0    	2	*
>668 LN:i:46 KC:i:32 km:f:2.0    	2	*
>669 LN:i:49 KC:i:295 km:f:15.5   L:-:533:+  L:+:8	15	3
>670 LN:i:40 KC:i:46 km:f:4.6    L:-:144:- 	4	*
>671 LN:i:35 KC:i:192 km:f:38.4   L:+:725:-  L:-:3	38	2
>672 LN:i:48 KC:i:36 km:f:2.0    	2	2:*:2
>673 LN:i:31 KC:i:22 km:f:22.0   L:-:0:+ L:-:415:+	22	18
>674 LN:i:35 KC:i:10 km:f:2.0    	2	*
>675 LN:i:49 KC:i:38 km:f:2.0    	2	*
>676 LN:i:39 KC:i:36 km:f:4.0    L:-:127:- 	4	*
>677 LN:i:44 KC:i:30 km:f:2.1    L:+:155:- 	2	*
>678 LN:i:42 KC:i:31 km:f:2.6    L:+:489:- 	2	*
>679 LN:i:51 KC:i:337 km:f:16.0    	16	*
>680 LN:i:57 KC:i:157 km:f:5.8   L:+:757:-  L:-:42	5	*
>681 LN:i:43 KC:i:66 km:f:5.1    L:+:599:- 	5	*
>682 LN:i:58 KC:i:94 km:f:3.4    	3	*
>683 LN:i:35 KC:i:10 km:f:2.0    	2	*
>684 LN:i:39 KC:i:18 km:f:2.0    	2	*
>685 LN:i:42 KC:i:52 km:f:4.3   L:-:115:- L:-:118:	4	2:*:2
>686 LN:i:35 KC:i:10 km:f:2.0    	2	*
>687 LN:i:44 KC:i:28 km:f:2.0    	2	*
>688 LN:i:51 KC:i:42 km:f:2.0    	2	*
>689 LN:i:51 KC:i:45 km:f:2.1    	2	*
>690 LN:i:49 KC:i:46 km:f:2.4    	2	*
>691 LN:i:45 KC:i:44 km:f:2.9    L:+:839:+ 	2	*
>692 LN:i:43 KC:i:26 km:f:2.0   L:-:74:-  	2	*
>693 LN:i:44 KC:i:28 km:f:2.0    	2	*
>694 LN:i:39 KC:i:76 km:f:8.4   L:-:106:+  	8	*
>695 LN:i:41 KC:i:22 km:f:2.0    	2	*
>696 LN:i:55 KC:i:100 km:f:4.0   L:+:543:+  L:-:13	4	*
>697 LN:i:35 KC:i:121 km:f:24.2   L:+:477:+ L:+:82	24	2
>698 LN:i:31 KC:i:67 km:f:67.0   L:+:246:+ L:+:247	67	12
>699 LN:i:35 KC:i:10 km:f:2.0    	2	*
>700 LN:i:31 KC:i:4 km:f:4.0   L:+:673:-  	4	3
>701 LN:i:37 KC:i:14 km:f:2.0    	2	*
>702 LN:i:43 KC:i:34 km:f:2.6   L:-:10:-  	2	2
>703 LN:i:46 KC:i:32 km:f:2.0    	2	*
>704 LN:i:47 KC:i:49 km:f:2.9   L:-:125:-  	2	*
>705 LN:i:47 KC:i:51 km:f:3.0    L:-:768:+ 	3	*
>706 LN:i:50 KC:i:40 km:f:2.0    	2	*
>707 LN:i:53 KC:i:61 km:f:2.7    	2	*
>708 LN:i:49 KC:i:38 km:f:2.0    	2	*
>709 LN:i:63 KC:i:97 km:f:2.9    	2	*
>710 LN:i:46 KC:i:32 km:f:2.0    	2	*
>711 LN:i:48 KC:i:36 km:f:2.0    	2	*
>712 LN:i:41 KC:i:22 km:f:2.0    	2	*
>713 LN:i:46 KC:i:32 km:f:2.0    	2	4:9:5
>714 LN:i:41 KC:i:22 km:f:2.0    	2	*
>715 LN:i:49 KC:i:444 km:f:23.4   L:+:839:- L:+:85	23	*
>716 LN:i:49 KC:i:508 km:f:26.7   L:+:461:- L:+:80	26	*
>717 LN:i:34 KC:i:850 km:f:212.5   L:+:2:+ L:+:889	212	151:126
>718 LN:i:62 KC:i:93 km:f:2.9    	2	2:*:2
>719 LN:i:34 KC:i:8 km:f:2.0    	2	*
>720 LN:i:61 KC:i:114 km:f:3.7    L:-:55:- L:-:596	3	*
>721 LN:i:31 KC:i:2 km:f:2.0    	2	*
>722 LN:i:31 KC:i:94 km:f:94.0   L:-:20:- L:-:539:	94	4
>723 LN:i:37 KC:i:14 km:f:2.0    L:-:818:+ 	2	*
>724 LN:i:33 KC:i:6 km:f:2.0    L:-:157:+ 	2	*
>725 LN:i:64 KC:i:897 km:f:26.4   L:+:578:- L:+:67	26	*
>726 LN:i:43 KC:i:27 km:f:2.1   L:-:1:-  	2	*
>727 LN:i:32 KC:i:4 km:f:2.0   L:-:178:+  	2	*
>728 LN:i:40 KC:i:20 km:f:2.0    L:-:827:- 	2	*
>729 LN:i:39 KC:i:20 km:f:2.2   L:-:882:+  	2	*
>730 LN:i:51 KC:i:64 km:f:3.0    	3	*
>731 LN:i:31 KC:i:3 km:f:3.0    L:+:631:- 	3	2
>732 LN:i:44 KC:i:28 km:f:2.0    	2	*
>733 LN:i:51 KC:i:47 km:f:2.2    	2	*
>734 LN:i:59 KC:i:204 km:f:7.0   L:+:839:+  L:-:81	7	*
>735 LN:i:33 KC:i:6 km:f:2.0    	2	*
>736 LN:i:53 KC:i:71 km:f:3.1    	3	*
>737 LN:i:42 KC:i:24 km:f:2.0    L:+:616:- 	2	*
>738 LN:i:93 KC:i:187 km:f:3.0    	3	*
>739 LN:i:79 KC:i:144 km:f:2.9    	2	*
>740 LN:i:44 KC:i:29 km:f:2.1    L:-:156:- 	2	*
>741 LN:i:38 KC:i:16 km:f:2.0    	2	2
>742 LN:i:41 KC:i:22 km:f:2.0    L:+:599:- 	2	*
>743 LN:i:47 KC:i:49 km:f:2.9    	2	*
>744 LN:i:53 KC:i:199 km:f:8.7   L:-:150:-  L:+:18	8	2
>745 LN:i:90 KC:i:411 km:f:6.8   L:+:500:+ L:+:875	6	*
>746 LN:i:31 KC:i:6 km:f:6.0   L:-:2:- L:-:561:+  	6	2
>747 LN:i:41 KC:i:64 km:f:5.8    L:-:169:- 	5	*
>748 LN:i:58 KC:i:73 km:f:2.6    	2	*
>749 LN:i:46 KC:i:32 km:f:2.0    	2	*
>750 LN:i:34 KC:i:8 km:f:2.0    	2	*
>751 LN:i:41 KC:i:22 km:f:2.0    	2	*
>752 LN:i:52 KC:i:49 km:f:2.2    	2	*
>753 LN:i:51 KC:i:42 km:f:2.0    	2	*
>754 LN:i:33 KC:i:6 km:f:2.0    	2	*
>755 LN:i:33 KC:i:73 km:f:24.3   L:-:62:+  L:+:154	24	2
>756 LN:i:51 KC:i:44 km:f:2.1    	2	*
>757 LN:i:55 KC:i:533 km:f:21.3   L:+:680:- L:+:71	21	*
>758 LN:i:35 KC:i:10 km:f:2.0    	2	*
>759 LN:i:37 KC:i:14 km:f:2.0    	2	*
>760 LN:i:44 KC:i:28 km:f:2.0    	2	*
>761 LN:i:51 KC:i:58 km:f:2.8    	2	*
>762 LN:i:46 KC:i:39 km:f:2.4    L:-:188:+ 	2	*
>763 LN:i:41 KC:i:22 km:f:2.0    	2	*
>764 LN:i:37 KC:i:16 km:f:2.3   L:+:173:-  	2	*
>765 LN:i:34 KC:i:58 km:f:14.5   L:-:795:+  L:+:23	14	*
>766 LN:i:42 KC:i:36 km:f:3.0    L:-:656:+ 	3	*
>767 LN:i:39 KC:i:18 km:f:2.0    	2	*
>768 LN:i:53 KC:i:128 km:f:5.6    L:-:705:+ L:-:87	5	*
>769 LN:i:101 KC:i:371 km:f:5.2    L:-:130:- 	5	*
>770 LN:i:43 KC:i:37 km:f:2.8    L:+:158:- 	2	*
>771 LN:i:46 KC:i:32 km:f:2.0    L:+:188:+ 	2	*
>772 LN:i:46 KC:i:35 km:f:2.2    	2	*
>773 LN:i:60 KC:i:69 km:f:2.3    	2	*
>774 LN:i:43 KC:i:45 km:f:3.5   L:-:36:+ L:-:426:+	3	*
>775 LN:i:51 KC:i:44 km:f:2.1    	2	*
>776 LN:i:41 KC:i:31 km:f:2.8    L:+:265:- 	2	*
>777 LN:i:40 KC:i:114 km:f:11.4   L:+:263:+  	11	*
>778 LN:i:42 KC:i:24 km:f:2.0    	2	*
>779 LN:i:44 KC:i:28 km:f:2.0    	2	*
>780 LN:i:39 KC:i:27 km:f:3.0    L:+:466:- 	3	*
>781 LN:i:56 KC:i:69 km:f:2.7    	2	*
>782 LN:i:40 KC:i:20 km:f:2.0    	2	*
>783 LN:i:47 KC:i:50 km:f:2.9    	2	*
>784 LN:i:39 KC:i:18 km:f:2.0    L:-:461:+ 	2	*
>785 LN:i:38 KC:i:16 km:f:2.0    	2	*
>786 LN:i:42 KC:i:24 km:f:2.0    	2	*
>787 LN:i:45 KC:i:30 km:f:2.0    	2	*
>788 LN:i:51 KC:i:70 km:f:3.3    	3	*
>789 LN:i:46 KC:i:46 km:f:2.9    L:+:74:- 	2	*
>790 LN:i:34 KC:i:9 km:f:2.2   L:-:115:- L:-:118:-	2	*
>791 LN:i:39 KC:i:18 km:f:2.0    	2	*
>792 LN:i:49 KC:i:38 km:f:2.0    	2	*
>793 LN:i:42 KC:i:24 km:f:2.0    	2	*
>794 LN:i:48 KC:i:51 km:f:2.8    	2	*
>795 LN:i:36 KC:i:63 km:f:10.5   L:-:481:+ L:-:765	10	*
>796 LN:i:31 KC:i:58 km:f:58.0   L:-:226:- L:-:227	58	7
>797 LN:i:45 KC:i:30 km:f:2.0    	2	*
>798 LN:i:47 KC:i:34 km:f:2.0    	2	*
>799 LN:i:50 KC:i:46 km:f:2.3    	2	*
>800 LN:i:40 KC:i:71 km:f:7.1   L:-:716:-  	7	*
>801 LN:i:56 KC:i:66 km:f:2.5    	2	*
>802 LN:i:58 KC:i:89 km:f:3.2    	3	*
>803 LN:i:47 KC:i:34 km:f:2.0    	2	*
>804 LN:i:66 KC:i:148 km:f:4.1    	4	*
>805 LN:i:39 KC:i:18 km:f:2.0    	2	*
>806 LN:i:49 KC:i:38 km:f:2.0    	2	*
>807 LN:i:35 KC:i:12 km:f:2.4   L:-:62:+  	2	*
>808 LN:i:33 KC:i:10 km:f:3.3    L:+:673:- 	3	2:6
>809 LN:i:52 KC:i:57 km:f:2.6    	2	*
>810 LN:i:51 KC:i:42 km:f:2.0    	2	*
>811 LN:i:40 KC:i:20 km:f:2.0    	2	*
>812 LN:i:50 KC:i:59 km:f:3.0    	3	*
>813 LN:i:51 KC:i:42 km:f:2.0    	2	*
>814 LN:i:80 KC:i:171 km:f:3.4    	3	*
>815 LN:i:43 KC:i:30 km:f:2.3    L:+:70:- 	2	*
>816 LN:i:43 KC:i:26 km:f:2.0    	2	*
>817 LN:i:43 KC:i:36 km:f:2.8   L:-:870:-  	2	*
>818 LN:i:48 KC:i:226 km:f:12.6   L:+:553:+ L:+:57	12	*
>819 LN:i:40 KC:i:20 km:f:2.0    	2	*
>820 LN:i:50 KC:i:40 km:f:2.0    	2	*
>821 LN:i:47 KC:i:34 km:f:2.0    	2	*
>822 LN:i:44 KC:i:28 km:f:2.0    	2	*
>823 LN:i:38 KC:i:16 km:f:2.0    	2	*
>824 LN:i:39 KC:i:18 km:f:2.0    	2	*
>825 LN:i:31 KC:i:2 km:f:2.0    L:-:34:- 	2	*
>826 LN:i:38 KC:i:287 km:f:35.9   L:-:2:- L:-:561:	35	30
>827 LN:i:60 KC:i:134 km:f:4.5   L:-:12:- L:-:556:	4	*
>828 LN:i:44 KC:i:28 km:f:2.0    	2	*
>829 LN:i:47 KC:i:331 km:f:19.5   L:-:134:- L:-:13	19	*
>830 LN:i:42 KC:i:213 km:f:17.8   L:+:5:+ L:+:482:	17	7:9
>831 LN:i:51 KC:i:59 km:f:2.8    	2	*
>832 LN:i:51 KC:i:47 km:f:2.2    	2	*
>833 LN:i:32 KC:i:4 km:f:2.0   L:-:115:- L:-:118:-	2	2
>834 LN:i:40 KC:i:20 km:f:2.0    	2	*
>835 LN:i:51 KC:i:42 km:f:2.0    	2	*
>836 LN:i:47 KC:i:34 km:f:2.0    	2	*
>837 LN:i:42 KC:i:102 km:f:8.5    L:+:259:- 	8	2
>838 LN:i:38 KC:i:17 km:f:2.1    L:+:96:+ 	2	5:7
>839 LN:i:36 KC:i:98 km:f:16.3   L:-:691:- L:-:734	16	*
>840 LN:i:40 KC:i:20 km:f:2.0    	2	*
>841 LN:i:36 KC:i:12 km:f:2.0    	2	*
>842 LN:i:46 KC:i:32 km:f:2.0    	2	*
>843 LN:i:49 KC:i:38 km:f:2.0    	2	*
>844 LN:i:41 KC:i:22 km:f:2.0    	2	*
>845 LN:i:37 KC:i:14 km:f:2.0    	2	*
>846 LN:i:43 KC:i:33 km:f:2.5    	2	*
>847 LN:i:51 KC:i:49 km:f:2.3    	2	*
>848 LN:i:43 KC:i:38 km:f:2.9   L:-:438:-  	2	2
>849 LN:i:45 KC:i:30 km:f:2.0    	2	*
>850 LN:i:51 KC:i:44 km:f:2.1    	2	2
>851 LN:i:51 KC:i:42 km:f:2.0    	2	*
>852 LN:i:33 KC:i:6 km:f:2.0    	2	*
>853 LN:i:43 KC:i:26 km:f:2.0    	2	*
>854 LN:i:39 KC:i:29 km:f:3.2   L:-:158:-  	3	*
>855 LN:i:52 KC:i:57 km:f:2.6   L:-:657:-  	2	*
>856 LN:i:47 KC:i:439 km:f:25.8   L:+:91:+  L:-:31	25	2
>857 LN:i:37 KC:i:15 km:f:2.1    L:-:91:- 	2	*
>858 LN:i:40 KC:i:25 km:f:2.5   L:+:715:-  	2	*
>859 LN:i:43 KC:i:26 km:f:2.0    	2	*
>860 LN:i:58 KC:i:102 km:f:3.6    	3	*
>861 LN:i:43 KC:i:26 km:f:2.0    	2	*
>862 LN:i:39 KC:i:24 km:f:2.7    	2	*
>863 LN:i:38 KC:i:20 km:f:2.5    	2	*
>864 LN:i:55 KC:i:74 km:f:3.0    	3	*
>865 LN:i:40 KC:i:21 km:f:2.1    L:-:117:- L:-:119	2	*
>866 LN:i:49 KC:i:38 km:f:2.0    	2	*
>867 LN:i:43 KC:i:26 km:f:2.0    	2	*
>868 LN:i:48 KC:i:39 km:f:2.2    	2	*
>869 LN:i:53 KC:i:404 km:f:17.6   L:+:419:- L:+:60	17	2
>870 LN:i:87 KC:i:385 km:f:6.8   L:-:43:+  L:+:406	6	*
>871 LN:i:47 KC:i:34 km:f:2.0    	2	*
>872 LN:i:43 KC:i:26 km:f:2.0    	2	*
>873 LN:i:44 KC:i:37 km:f:2.6   L:-:72:+  	2	*
>874 LN:i:49 KC:i:38 km:f:2.0    	2	*
>875 LN:i:38 KC:i:16 km:f:2.0   L:+:745:-  	2	*
>876 LN:i:36 KC:i:12 km:f:2.0    	2	*
>877 LN:i:47 KC:i:154 km:f:9.1    L:-:768:+ 	9	2
>878 LN:i:54 KC:i:62 km:f:2.6    	2	2
>879 LN:i:49 KC:i:38 km:f:2.0    	2	*
>880 LN:i:37 KC:i:273 km:f:39.0   L:-:142:- L:-:14	39	*
>881 LN:i:69 KC:i:106 km:f:2.7    	2	*
>882 LN:i:31 KC:i:42 km:f:42.0   L:-:104:+ L:-:106	42	7
>883 LN:i:34 KC:i:81 km:f:20.2   L:-:50:- L:-:53:+	20	3
>884 LN:i:46 KC:i:32 km:f:2.0    	2	*
>885 LN:i:45 KC:i:219 km:f:14.6   L:-:34:+  	14	*
>886 LN:i:47 KC:i:34 km:f:2.0    	2	*
>887 LN:i:45 KC:i:30 km:f:2.0    	2	*
>888 LN:i:46 KC:i:51 km:f:3.2   L:-:74:-  	3	2
>889 LN:i:32 KC:i:4 km:f:2.0   L:-:717:-  	2	*
>890 LN:i:52 KC:i:70 km:f:3.2    	3	*
>891 LN:i:37 KC:i:14 km:f:2.0    	2	*
>892 LN:i:55 KC:i:83 km:f:3.3    	3	*
>893 LN:i:40 KC:i:35 km:f:3.5    L:-:533:- 	3	*
>894 LN:i:38 KC:i:16 km:f:2.0    	2	*
>895 LN:i:47 KC:i:34 km:f:2.0    	2	*
>896 LN:i:52 KC:i:53 km:f:2.4    	2	*
>897 LN:i:44 KC:i:28 km:f:2.0    	2	*
>898 LN:i:34 KC:i:8 km:f:2.0    	2	*
>899 LN:i:43 KC:i:46 km:f:3.5    	3	*
>900 LN:i:33 KC:i:6 km:f:2.0    	2	*
>901 LN:i:50 KC:i:40 km:f:2.0    	2	*
>902 LN:i:42 KC:i:43 km:f:3.6    L:-:89:+ L:-:496:	3	*
>903 LN:i:35 KC:i:10 km:f:2.0    	2	*
>904 LN:i:46 KC:i:32 km:f:2.0    L:-:92:- 	2	*
>905 LN:i:40 KC:i:20 km:f:2.0    	2	*
>906 LN:i:51 KC:i:47 km:f:2.2    	2	*
>907 LN:i:35 KC:i:11 km:f:2.2   L:+:669:-  	2	*
>908 LN:i:34 KC:i:40 km:f:10.0   L:-:722:+  L:+:10	10	2
>909 LN:i:50 KC:i:40 km:f:2.0    	2	*
>910 LN:i:43 KC:i:53 km:f:4.1   L:-:64:- L:-:67:- 	4	*
>911 LN:i:39 KC:i:21 km:f:2.3   L:-:47:+  	2	*
>912 LN:i:45 KC:i:30 km:f:2.0    L:-:70:- 	2	*
>913 LN:i:31 KC:i:2 km:f:2.0    L:+:456:- 	2	2
