query SRR10092187_10k SRR10092188_10k  
>SRR10092187.4	0.00	0.00
>SRR10092187.5	0.00	0.00
>SRR10092187.6	33.00	1.90
>SRR10092187.7	0.00	0.00
>SRR10092187.8	0.00	0.00
>SRR10092187.9	0.00	0.00
>SRR10092187.10	0.00	0.00
>SRR10092187.13	0.00	0.00
>SRR10092187.14	0.00	0.00
>SRR10092187.15	0.00	0.00
>SRR10092187.16	6.00	0.00
>SRR10092187.17	0.00	0.00
>SRR10092187.18	5.00	0.00
>SRR10092187.19	0.00	0.00
>SRR10092187.20	5.00	0.00
>SRR10092187.21	0.00	0.00
>SRR10092187.22	0.00	0.00
>SRR10092187.23	0.00	0.00
>SRR10092187.24	0.00	0.00
>SRR10092187.25	4.00	0.00
>SRR10092187.26	0.00	0.00
>SRR10092187.27	0.00	0.00
>SRR10092187.31	0.00	0.00
>SRR10092187.32	0.00	0.00
>SRR10092187.33	0.00	0.00
>SRR10092187.34	1.61	0.00
>SRR10092187.35	0.19	0.00
>SRR10092187.36	0.00	0.00
>SRR10092187.37	1.61	0.00
>SRR10092187.38	0.00	0.00
>SRR10092187.39	0.00	0.00
>SRR10092187.40	0.00	0.00
>SRR10092187.41	0.00	0.00
>SRR10092187.42	0.00	0.00
>SRR10092187.43	0.00	0.00
>SRR10092187.44	0.00	0.00
>SRR10092187.46	0.00	0.00
>SRR10092187.47	26.66	1.42
>SRR10092187.48	0.00	0.00
>SRR10092187.49	15.80	1.00
>SRR10092187.50	0.00	0.00
>SRR10092187.51	0.00	0.00
>SRR10092187.52	7.28	0.00
>SRR10092187.53	0.00	0.00
>SRR10092187.54	16.95	0.00
>SRR10092187.55	0.00	0.00
>SRR10092187.56	12.00	1.33
>SRR10092187.57	5.00	3.00
>SRR10092187.62	0.00	0.00
>SRR10092187.63	28.09	1.04
>SRR10092187.64	0.00	0.00
>SRR10092187.65	0.00	0.00
>SRR10092187.66	0.00	0.00
>SRR10092187.67	0.00	0.00
>SRR10092187.68	0.00	0.00
>SRR10092187.69	1.90	0.00
>SRR10092187.70	9.76	0.00
>SRR10092187.71	1168.28	894.71
>SRR10092187.72	0.00	0.00
>SRR10092187.73	0.00	0.00
>SRR10092187.78	0.66	0.00
>SRR10092187.79	0.00	0.00
>SRR10092187.80	1.23	0.00
>SRR10092187.81	0.00	0.00
>SRR10092187.82	0.00	0.00
>SRR10092187.83	0.00	0.00
>SRR10092187.84	4.90	0.76
>SRR10092187.85	0.00	0.00
>SRR10092187.86	0.00	0.00
>SRR10092187.87	0.00	0.00
>SRR10092187.88	0.00	0.00
>SRR10092187.89	0.00	0.00
>SRR10092187.90	0.00	0.00
>SRR10092187.91	22.66	1.04
>SRR10092187.92	0.00	0.00
>SRR10092187.93	0.00	0.00
>SRR10092187.94	5.00	0.66
>SRR10092187.95	0.57	0.00
>SRR10092187.96	1.57	0.00
>SRR10092187.98	0.00	0.00
>SRR10092187.99	0.00	0.00
>SRR10092187.100	0.00	0.00
>SRR10092187.101	0.00	0.00
>SRR10092187.102	0.00	0.00
>SRR10092187.103	0.00	0.00
>SRR10092187.104	4.00	0.00
>SRR10092187.105	1271.90	968.90
>SRR10092187.106	0.95	0.00
>SRR10092187.107	11.00	0.00
>SRR10092187.108	0.00	0.00
>SRR10092187.109	0.00	0.00
>SRR10092187.110	0.00	0.00
>SRR10092187.111	0.00	0.00
>SRR10092187.112	1.14	0.00
>SRR10092187.113	1.71	0.00
>SRR10092187.114	1.42	0.00
>SRR10092187.118	0.00	0.00
>SRR10092187.119	18.61	0.47
>SRR10092187.120	6130.00	4693.00
>SRR10092187.121	0.00	0.00
>SRR10092187.122	1.90	0.00
>SRR10092187.123	3.33	0.00
>SRR10092187.124	0.00	0.00
>SRR10092187.125	0.00	0.00
>SRR10092187.126	0.76	0.00
>SRR10092187.127	25.52	0.00
>SRR10092187.128	8.85	6.19
>SRR10092187.129	5.00	0.00
>SRR10092187.130	4.80	0.00
>SRR10092187.131	0.00	0.00
>SRR10092187.136	0.00	0.00
>SRR10092187.137	3.00	0.00
>SRR10092187.138	0.00	0.00
>SRR10092187.139	0.00	0.00
>SRR10092187.140	0.00	0.00
>SRR10092187.141	9.00	0.00
>SRR10092187.142	0.00	0.00
>SRR10092187.143	2628.42	2013.38
>SRR10092187.144	0.00	0.00
>SRR10092187.145	0.00	0.00
>SRR10092187.152	0.00	0.00
>SRR10092187.153	0.00	0.00
>SRR10092187.154	0.00	0.00
>SRR10092187.155	2.00	2.00
>SRR10092187.156	1.04	0.00
>SRR10092187.157	5.00	0.00
>SRR10092187.158	0.00	0.00
>SRR10092187.159	0.00	0.00
>SRR10092187.160	14.28	1.33
>SRR10092187.161	0.00	0.00
>SRR10092187.162	0.00	0.00
>SRR10092187.163	9.52	1.14
>SRR10092187.164	2.00	0.00
>SRR10092187.165	0.00	0.00
>SRR10092187.166	0.00	0.00
>SRR10092187.167	0.00	0.00
>SRR10092187.168	0.00	0.00
>SRR10092187.169	0.00	0.00
>SRR10092187.173	9.00	2.42
>SRR10092187.174	0.00	0.00
>SRR10092187.175	0.00	0.00
>SRR10092187.176	0.00	0.00
>SRR10092187.177	2.71	0.00
>SRR10092187.178	1.71	0.00
>SRR10092187.179	0.00	0.00
>SRR10092187.180	0.00	0.00
>SRR10092187.181	11.23	5.57
>SRR10092187.182	0.00	0.00
>SRR10092187.183	1.04	0.00
>SRR10092187.184	0.00	0.00
>SRR10092187.185	1.80	0.00
>SRR10092187.186	0.00	0.00
>SRR10092187.187	2.57	0.00
>SRR10092187.192	0.00	0.00
>SRR10092187.193	3.00	0.00
>SRR10092187.194	0.00	0.00
>SRR10092187.195	0.00	0.00
>SRR10092187.196	0.00	0.00
>SRR10092187.197	1.14	0.00
>SRR10092187.198	6130.00	4693.00
>SRR10092187.199	0.00	0.00
>SRR10092187.200	0.00	0.00
>SRR10092187.201	0.00	0.00
>SRR10092187.202	0.00	0.00
>SRR10092187.203	0.00	0.00
>SRR10092187.209	0.00	0.00
>SRR10092187.210	0.00	0.00
>SRR10092187.211	0.00	0.00
>SRR10092187.212	0.00	0.00
>SRR10092187.213	0.00	0.00
>SRR10092187.214	3.00	0.00
>SRR10092187.215	0.00	0.00
>SRR10092187.216	2723.09	2079.14
>SRR10092187.217	0.00	0.00
>SRR10092187.218	9.00	1.23
>SRR10092187.219	0.00	0.00
>SRR10092187.220	0.47	0.00
>SRR10092187.221	3.80	0.00
>SRR10092187.222	0.00	0.00
>SRR10092187.226	0.00	0.00
>SRR10092187.227	0.00	0.00
>SRR10092187.228	0.00	0.00
>SRR10092187.229	0.00	0.00
>SRR10092187.230	1.71	0.00
>SRR10092187.231	0.00	0.00
>SRR10092187.232	0.00	0.00
>SRR10092187.233	0.00	0.00
>SRR10092187.234	0.00	0.00
>SRR10092187.235	0.00	0.00
>SRR10092187.236	0.00	0.00
>SRR10092187.237	0.00	0.00
>SRR10092187.238	0.00	0.00
>SRR10092187.239	9.00	1.14
>SRR10092187.240	0.00	0.00
>SRR10092187.241	0.00	0.00
>SRR10092187.242	0.00	0.00
>SRR10092187.243	0.00	0.00
>SRR10092187.244	1.23	0.00
>SRR10092187.245	0.00	0.00
>SRR10092187.246	17.66	0.85
>SRR10092187.247	0.00	0.00
>SRR10092187.251	0.00	0.00
>SRR10092187.252	5.00	0.00
>SRR10092187.253	0.00	0.00
>SRR10092187.254	0.00	0.00
>SRR10092187.255	0.00	0.00
>SRR10092187.256	10.23	1.85
>SRR10092187.257	1.71	0.00
>SRR10092187.258	43.95	4.04
>SRR10092187.259	0.00	0.00
>SRR10092187.260	4.00	0.00
>SRR10092187.261	0.00	0.00
>SRR10092187.262	0.00	0.00
>SRR10092187.263	0.00	0.00
>SRR10092187.270	0.00	0.00
>SRR10092187.271	0.00	0.00
>SRR10092187.272	0.00	0.00
>SRR10092187.273	0.00	0.00
>SRR10092187.274	0.00	0.00
>SRR10092187.275	23.66	0.00
>SRR10092187.276	0.00	0.00
>SRR10092187.277	0.76	0.00
>SRR10092187.278	0.19	0.00
>SRR10092187.279	12.66	0.00
>SRR10092187.280	0.00	0.00
>SRR10092187.281	0.00	0.00
>SRR10092187.282	0.00	0.00
>SRR10092187.283	5.00	0.00
>SRR10092187.284	1.23	0.00
>SRR10092187.289	9.00	0.09
>SRR10092187.290	2.80	0.19
>SRR10092187.291	0.00	0.00
>SRR10092187.292	2.42	0.00
>SRR10092187.293	5.00	0.00
>SRR10092187.294	0.00	0.00
>SRR10092187.295	4382.38	3354.76
>SRR10092187.296	0.00	0.00
>SRR10092187.297	0.00	0.00
>SRR10092187.298	1.61	0.00
>SRR10092187.299	5.00	0.28
>SRR10092187.300	0.00	0.00
>SRR10092187.301	0.00	0.00
>SRR10092187.302	2.00	0.00
>SRR10092187.303	0.00	0.00
>SRR10092187.304	0.00	0.00
>SRR10092187.305	0.00	0.00
>SRR10092187.306	0.00	0.00
>SRR10092187.307	0.00	0.00
>SRR10092187.310	0.00	0.00
>SRR10092187.311	0.00	0.00
>SRR10092187.312	0.00	0.00
>SRR10092187.313	0.00	0.00
>SRR10092187.314	0.76	0.00
>SRR10092187.315	1.90	0.00
>SRR10092187.316	37.90	1.42
>SRR10092187.317	0.00	0.00
>SRR10092187.318	0.00	0.00
>SRR10092187.319	16.38	0.47
>SRR10092187.320	0.00	0.00
>SRR10092187.321	6130.00	4693.00
>SRR10092187.322	0.00	0.00
>SRR10092187.323	0.00	0.00
>SRR10092187.324	16.47	0.66
>SRR10092187.325	0.00	0.00
>SRR10092187.335	0.00	0.00
>SRR10092187.336	0.57	0.00
>SRR10092187.337	0.00	0.00
>SRR10092187.338	1848.71	1409.95
>SRR10092187.339	0.00	0.00
>SRR10092187.340	4.57	0.00
>SRR10092187.341	15.71	1.04
>SRR10092187.342	0.00	0.00
>SRR10092187.343	0.38	0.00
>SRR10092187.344	24.19	1.33
>SRR10092187.345	8.66	0.00
>SRR10092187.346	0.00	0.00
>SRR10092187.347	0.00	0.00
>SRR10092187.348	0.00	0.00
>SRR10092187.349	0.28	0.00
>SRR10092187.350	0.00	0.00
>SRR10092187.351	0.00	0.00
>SRR10092187.352	2428.33	1853.00
>SRR10092187.360	1.33	0.00
>SRR10092187.361	21.90	1.57
>SRR10092187.362	0.00	0.00
>SRR10092187.363	1.42	0.00
>SRR10092187.364	0.00	0.00
>SRR10092187.365	1.52	0.00
>SRR10092187.367	6130.00	4693.00
>SRR10092187.368	2723.09	2079.14
>SRR10092187.369	0.00	0.00
>SRR10092187.370	0.19	0.00
>SRR10092187.371	0.00	0.00
>SRR10092187.372	0.00	0.00
>SRR10092187.373	0.00	0.00
>SRR10092187.374	0.00	0.00
>SRR10092187.375	0.00	0.00
>SRR10092187.376	0.23	0.00
>SRR10092187.377	0.00	0.00
>SRR10092187.378	0.00	0.00
>SRR10092187.379	0.00	0.00
>SRR10092187.380	0.19	0.00
>SRR10092187.381	0.00	0.00
>SRR10092187.382	1.14	0.00
>SRR10092187.389	0.00	0.00
>SRR10092187.390	0.00	0.00
>SRR10092187.391	0.00	0.00
>SRR10092187.392	0.00	0.00
>SRR10092187.393	2.85	0.00
>SRR10092187.394	0.00	0.00
>SRR10092187.395	33.00	1.71
>SRR10092187.396	5.14	0.00
>SRR10092187.397	0.00	0.00
>SRR10092187.398	0.00	0.00
>SRR10092187.402	0.00	0.00
>SRR10092187.403	0.00	0.00
>SRR10092187.404	0.00	0.00
>SRR10092187.405	22.57	1.23
>SRR10092187.406	0.00	0.00
>SRR10092187.407	0.09	0.00
>SRR10092187.408	5.00	0.00
>SRR10092187.409	0.00	0.00
>SRR10092187.410	1.52	6.09
>SRR10092187.411	0.00	0.00
>SRR10092187.412	0.00	0.00
>SRR10092187.413	0.19	2.00
>SRR10092187.414	0.47	0.00
>SRR10092187.415	2723.09	2079.14
>SRR10092187.416	0.00	0.00
>SRR10092187.417	0.00	0.00
>SRR10092187.418	0.00	0.00
>SRR10092187.419	0.47	0.00
>SRR10092187.422	0.00	0.00
>SRR10092187.423	2.00	0.00
>SRR10092187.424	0.47	0.00
>SRR10092187.425	0.00	0.00
>SRR10092187.426	0.00	0.00
>SRR10092187.427	6130.00	4693.00
>SRR10092187.428	0.00	0.00
>SRR10092187.429	3.00	0.00
>SRR10092187.430	0.00	0.00
>SRR10092187.431	23.28	0.00
>SRR10092187.432	0.00	0.00
>SRR10092187.433	0.00	0.00
>SRR10092187.434	0.00	0.00
>SRR10092187.435	1.42	0.00
>SRR10092187.436	0.00	0.00
>SRR10092187.437	0.00	0.00
>SRR10092187.438	2723.09	2079.14
>SRR10092187.439	2723.09	2079.14
>SRR10092187.440	3.57	2.14
>SRR10092187.441	5.00	1.42
>SRR10092187.442	3.00	1.71
>SRR10092187.443	17.00	1.90
>SRR10092187.444	0.00	0.00
>SRR10092187.445	15.28	0.95
>SRR10092187.446	9.00	0.00
>SRR10092187.447	0.00	0.00
>SRR10092187.448	0.00	0.00
>SRR10092187.449	0.00	0.00
>SRR10092187.450	9.00	0.42
>SRR10092187.451	19.04	1.00
>SRR10092187.452	31.85	0.76
>SRR10092187.453	13.14	1.14
>SRR10092187.454	0.00	0.00
>SRR10092187.455	0.00	0.00
>SRR10092187.456	0.00	0.00
>SRR10092187.457	0.00	0.00
>SRR10092187.458	0.00	0.00
>SRR10092187.465	13.57	0.57
>SRR10092187.466	0.09	0.00
>SRR10092187.467	1.71	0.00
>SRR10092187.468	0.66	0.00
>SRR10092187.469	17.19	0.00
>SRR10092187.470	1.71	0.00
>SRR10092187.471	0.00	0.00
>SRR10092187.472	0.00	0.00
>SRR10092187.478	0.00	0.00
>SRR10092187.479	0.00	0.00
>SRR10092187.480	0.00	0.00
>SRR10092187.481	0.00	0.00
>SRR10092187.482	0.00	0.00
>SRR10092187.483	4154.28	3175.66
>SRR10092187.484	0.85	0.00
>SRR10092187.485	0.00	0.00
>SRR10092187.486	0.00	0.00
>SRR10092187.487	0.00	0.00
>SRR10092187.488	24.57	0.00
>SRR10092187.489	0.57	0.00
>SRR10092187.490	13.42	0.95
>SRR10092187.495	0.00	0.00
>SRR10092187.496	0.66	0.00
>SRR10092187.497	0.71	0.00
>SRR10092187.498	4.52	0.00
>SRR10092187.499	3.85	0.95
>SRR10092187.500	0.00	0.00
>SRR10092187.501	0.00	0.00
>SRR10092187.502	0.00	0.00
>SRR10092187.503	9.00	1.23
>SRR10092187.509	0.00	0.00
>SRR10092187.510	0.00	0.00
>SRR10092187.511	33.42	2.00
>SRR10092187.512	0.00	0.00
>SRR10092187.513	0.00	0.00
>SRR10092187.514	0.00	0.00
>SRR10092187.515	1.04	0.00
>SRR10092187.516	0.00	0.00
>SRR10092187.517	0.00	0.00
>SRR10092187.518	0.00	0.00
>SRR10092187.519	2723.09	2079.14
>SRR10092187.521	26.00	0.09
>SRR10092187.522	3011.95	2299.85
>SRR10092187.523	0.00	0.00
>SRR10092187.524	11.76	0.00
>SRR10092187.525	0.28	0.00
>SRR10092187.526	0.19	0.00
>SRR10092187.527	0.95	0.00
>SRR10092187.528	0.00	0.00
>SRR10092187.529	0.00	0.00
>SRR10092187.530	1.61	1.42
>SRR10092187.531	28.09	1.04
>SRR10092187.532	0.00	0.00
>SRR10092187.533	0.00	0.00
>SRR10092187.534	0.00	0.00
>SRR10092187.535	0.00	0.00
>SRR10092187.536	3.00	0.00
>SRR10092187.537	0.00	0.00
>SRR10092187.538	0.00	0.00
>SRR10092187.541	0.00	0.00
>SRR10092187.542	31.09	1.61
>SRR10092187.543	0.00	0.00
>SRR10092187.544	9.00	0.00
>SRR10092187.545	0.00	0.00
>SRR10092187.546	0.00	0.00
>SRR10092187.547	0.00	0.00
>SRR10092187.548	0.00	0.00
>SRR10092187.549	0.00	0.00
>SRR10092187.550	56.80	5.00
>SRR10092187.554	4.00	0.00
>SRR10092187.555	4.71	0.00
>SRR10092187.556	2.00	0.00
>SRR10092187.557	0.00	0.00
>SRR10092187.558	0.00	0.00
>SRR10092187.559	0.00	0.00
>SRR10092187.560	0.00	0.00
>SRR10092187.561	0.00	0.00
>SRR10092187.562	0.76	0.00
>SRR10092187.563	0.00	0.00
>SRR10092187.564	0.00	0.00
>SRR10092187.565	6.00	0.00
>SRR10092187.566	3.42	0.00
>SRR10092187.567	0.00	0.00
>SRR10092187.568	0.00	0.00
>SRR10092187.569	0.00	0.00
>SRR10092187.575	0.00	0.00
>SRR10092187.576	0.00	0.00
>SRR10092187.577	0.00	0.00
>SRR10092187.578	4154.28	3175.66
>SRR10092187.579	0.00	0.00
>SRR10092187.580	15.47	0.38
>SRR10092187.581	0.00	0.00
>SRR10092187.582	0.00	0.00
>SRR10092187.583	0.00	0.00
>SRR10092187.584	0.00	0.00
>SRR10092187.585	0.00	0.00
>SRR10092187.586	16.95	1.00
>SRR10092187.587	3.00	0.28
>SRR10092187.592	0.00	0.00
>SRR10092187.593	0.00	0.00
>SRR10092187.594	0.00	0.00
>SRR10092187.595	0.00	0.00
>SRR10092187.596	13.71	0.95
>SRR10092187.597	1.57	0.00
>SRR10092187.598	0.00	0.00
>SRR10092187.599	3.00	0.28
>SRR10092187.600	5.00	1.14
>SRR10092187.601	32.19	13.71
>SRR10092187.602	0.66	0.00
>SRR10092187.603	0.00	0.00
>SRR10092187.604	0.00	0.00
>SRR10092187.605	6.00	0.00
>SRR10092187.606	0.00	0.00
>SRR10092187.607	0.00	0.00
>SRR10092187.613	0.00	0.00
>SRR10092187.614	26.19	0.47
>SRR10092187.615	0.00	0.00
>SRR10092187.616	0.00	0.00
>SRR10092187.617	0.00	0.00
>SRR10092187.618	0.00	0.00
>SRR10092187.619	3.00	0.66
>SRR10092187.620	3.00	0.00
>SRR10092187.621	0.00	0.00
>SRR10092187.622	0.00	0.00
>SRR10092187.623	0.00	0.00
>SRR10092187.624	4154.28	3175.66
>SRR10092187.625	0.00	0.00
>SRR10092187.626	0.00	0.00
>SRR10092187.627	1.33	0.00
>SRR10092187.634	0.00	0.00
>SRR10092187.635	0.00	0.00
>SRR10092187.636	0.00	0.00
>SRR10092187.637	0.00	0.00
>SRR10092187.638	0.00	0.00
>SRR10092187.639	1.00	0.00
>SRR10092187.640	0.00	1.80
>SRR10092187.641	2723.09	2079.14
>SRR10092187.642	0.00	0.00
>SRR10092187.643	0.00	0.00
>SRR10092187.644	0.00	0.00
>SRR10092187.645	0.00	0.00
>SRR10092187.646	0.00	0.00
>SRR10092187.647	21.09	0.85
>SRR10092187.648	38.57	1.19
>SRR10092187.649	3587.14	2740.71
>SRR10092187.652	24.57	3.66
>SRR10092187.653	4.57	0.76
>SRR10092187.654	0.00	0.00
>SRR10092187.655	26.23	2.80
>SRR10092187.656	0.00	0.00
>SRR10092187.657	0.00	0.00
>SRR10092187.658	0.00	0.00
>SRR10092187.659	0.76	0.00
>SRR10092187.660	0.00	0.00
>SRR10092187.661	3303.57	2523.23
>SRR10092187.662	0.00	0.00
>SRR10092187.663	0.00	0.00
>SRR10092187.664	0.00	0.00
>SRR10092187.665	0.00	0.00
>SRR10092187.666	0.00	0.00
>SRR10092187.667	1.71	0.00
>SRR10092187.668	0.00	0.00
>SRR10092187.672	0.00	0.00
>SRR10092187.673	0.00	0.00
>SRR10092187.674	0.00	0.00
>SRR10092187.675	1.61	0.00
>SRR10092187.676	0.00	0.00
>SRR10092187.677	0.00	0.00
>SRR10092187.678	0.76	0.00
>SRR10092187.679	39.00	2.42
>SRR10092187.680	8.09	0.00
>SRR10092187.681	1.14	0.00
>SRR10092187.682	0.19	0.00
>SRR10092187.683	33.00	1.76
>SRR10092187.684	0.00	0.00
>SRR10092187.685	0.28	0.00
>SRR10092187.686	0.00	0.00
>SRR10092187.687	0.00	0.00
>SRR10092187.688	2.66	0.00
>SRR10092187.689	8.04	0.00
>SRR10092187.694	0.00	0.00
>SRR10092187.695	0.00	0.00
>SRR10092187.696	1.71	0.00
>SRR10092187.697	0.00	0.00
>SRR10092187.698	0.00	0.00
>SRR10092187.699	13.95	0.00
>SRR10092187.700	0.00	0.00
>SRR10092187.701	0.00	0.00
>SRR10092187.702	0.00	0.00
>SRR10092187.703	0.00	0.00
>SRR10092187.704	0.00	0.00
>SRR10092187.705	0.00	0.00
>SRR10092187.706	33.00	1.61
>SRR10092187.707	21.38	0.28
>SRR10092187.708	1.42	0.00
>SRR10092187.709	0.00	0.00
>SRR10092187.710	0.00	0.00
>SRR10092187.714	0.00	0.00
>SRR10092187.715	0.00	0.00
>SRR10092187.716	19.90	0.38
>SRR10092187.717	23.95	1.33
>SRR10092187.718	0.19	0.00
>SRR10092187.719	0.00	0.00
>SRR10092187.720	0.00	0.00
>SRR10092187.721	0.00	0.00
>SRR10092187.722	2.38	0.00
>SRR10092187.723	0.00	0.00
>SRR10092187.724	0.00	0.00
>SRR10092187.725	0.00	0.00
>SRR10092187.726	3228.80	2469.14
>SRR10092187.727	2.00	0.00
>SRR10092187.734	0.00	0.00
>SRR10092187.735	0.00	0.00
>SRR10092187.736	0.00	0.00
>SRR10092187.737	0.00	0.00
>SRR10092187.738	0.00	0.00
>SRR10092187.739	0.00	0.00
>SRR10092187.740	5.00	0.00
>SRR10092187.741	0.00	0.00
>SRR10092187.742	4154.28	3175.66
>SRR10092187.743	0.00	0.00
>SRR10092187.748	0.00	0.00
>SRR10092187.749	0.00	0.00
>SRR10092187.750	13.71	7.33
>SRR10092187.751	3.61	0.00
>SRR10092187.752	8.14	0.00
>SRR10092187.753	0.00	0.00
>SRR10092187.754	0.00	0.00
>SRR10092187.755	1.14	0.00
>SRR10092187.756	2723.09	2079.14
>SRR10092187.757	0.00	0.00
>SRR10092187.758	0.00	0.00
>SRR10092187.759	16.00	5.71
>SRR10092187.760	2.00	0.00
>SRR10092187.761	0.00	0.00
>SRR10092187.762	0.00	0.00
>SRR10092187.763	1.42	0.00
>SRR10092187.764	0.00	0.00
>SRR10092187.765	0.00	0.00
>SRR10092187.766	1.90	0.00
>SRR10092187.767	0.00	0.00
>SRR10092187.768	3.00	0.00
>SRR10092187.769	0.00	0.00
>SRR10092187.770	0.00	0.00
>SRR10092187.771	0.00	0.00
>SRR10092187.772	5.42	0.00
>SRR10092187.773	0.00	0.00
>SRR10092187.774	0.00	0.00
>SRR10092187.775	0.00	0.00
>SRR10092187.777	0.00	0.00
>SRR10092187.778	16.28	1.04
>SRR10092187.779	0.00	0.00
>SRR10092187.780	0.00	0.00
>SRR10092187.781	0.00	0.00
>SRR10092187.782	0.00	0.00
>SRR10092187.783	1.61	0.00
>SRR10092187.784	0.00	0.00
>SRR10092187.785	24.09	0.00
>SRR10092187.786	0.00	0.00
>SRR10092187.787	2.85	0.47
>SRR10092187.788	26.66	1.42
>SRR10092187.789	0.00	0.00
>SRR10092187.792	0.00	0.00
>SRR10092187.793	0.00	0.00
>SRR10092187.794	3.00	0.00
>SRR10092187.795	0.00	0.00
>SRR10092187.796	0.00	0.00
>SRR10092187.797	0.00	0.00
>SRR10092187.798	0.00	0.00
>SRR10092187.799	1.61	0.00
>SRR10092187.800	0.00	0.00
>SRR10092187.801	0.00	0.00
>SRR10092187.802	0.00	0.00
>SRR10092187.803	0.00	0.00
>SRR10092187.804	14.57	2.00
>SRR10092187.813	12.38	0.00
>SRR10092187.814	14.52	0.76
>SRR10092187.815	0.00	0.00
>SRR10092187.816	12.00	0.00
>SRR10092187.817	0.00	0.00
>SRR10092187.818	0.00	0.00
>SRR10092187.819	26.14	1.52
>SRR10092187.820	0.00	0.00
>SRR10092187.821	2.57	0.00
>SRR10092187.822	0.00	0.00
>SRR10092187.823	0.00	0.00
>SRR10092187.824	0.00	0.00
>SRR10092187.825	9.57	0.00
>SRR10092187.826	0.00	0.00
>SRR10092187.827	0.00	0.00
>SRR10092187.831	0.00	0.00
>SRR10092187.832	0.00	0.00
>SRR10092187.833	38.00	4.00
>SRR10092187.834	20.42	0.57
>SRR10092187.835	0.00	0.00
>SRR10092187.836	0.00	0.00
>SRR10092187.837	0.00	0.00
>SRR10092187.838	0.00	0.00
>SRR10092187.839	1.14	0.00
>SRR10092187.840	3870.71	2958.19
>SRR10092187.841	0.00	0.00
>SRR10092187.842	4.00	0.00
>SRR10092187.843	0.00	0.00
>SRR10092187.844	0.00	0.00
>SRR10092187.845	0.00	0.00
>SRR10092187.846	33.76	1.00
>SRR10092187.847	5.00	0.00
>SRR10092187.848	0.00	0.00
>SRR10092187.849	0.00	0.00
>SRR10092187.854	0.00	0.00
>SRR10092187.855	2.00	0.00
>SRR10092187.856	1.80	0.00
>SRR10092187.857	0.00	0.00
>SRR10092187.858	0.00	0.00
>SRR10092187.859	0.00	0.00
>SRR10092187.860	0.00	0.00
>SRR10092187.861	0.66	1.04
>SRR10092187.862	4.57	0.00
>SRR10092187.863	2.19	2.00
>SRR10092187.864	6130.00	4693.00
>SRR10092187.865	2.85	0.00
>SRR10092187.866	0.00	0.00
>SRR10092187.867	0.00	0.00
>SRR10092187.868	0.00	0.00
>SRR10092187.869	1.33	0.00
>SRR10092187.870	0.00	0.00
>SRR10092187.871	4154.28	3175.66
>SRR10092187.872	0.66	0.00
>SRR10092187.873	0.09	0.00
>SRR10092187.874	7.95	0.57
>SRR10092187.878	0.00	0.00
>SRR10092187.879	4.00	0.00
>SRR10092187.880	0.00	0.00
>SRR10092187.881	1.14	0.00
>SRR10092187.882	1.80	0.00
>SRR10092187.883	0.00	0.00
>SRR10092187.884	6.95	0.00
>SRR10092187.885	0.00	0.00
>SRR10092187.886	0.00	0.00
>SRR10092187.887	0.47	1.95
>SRR10092187.888	0.00	0.00
>SRR10092187.889	0.00	0.00
>SRR10092187.890	2.28	0.00
>SRR10092187.891	7.38	0.00
>SRR10092187.892	0.85	0.00
>SRR10092187.893	0.00	0.00
>SRR10092187.896	0.00	0.00
>SRR10092187.897	0.57	0.00
>SRR10092187.898	0.00	0.00
>SRR10092187.899	8.14	0.00
>SRR10092187.900	2.04	0.00
>SRR10092187.901	0.19	0.00
>SRR10092187.902	0.00	0.00
>SRR10092187.903	0.00	0.00
>SRR10092187.904	0.00	0.00
>SRR10092187.905	0.00	0.00
>SRR10092187.906	33.00	1.33
>SRR10092187.907	0.47	0.00
>SRR10092187.908	12.52	1.14
>SRR10092187.912	21.85	0.38
>SRR10092187.913	0.00	0.00
>SRR10092187.914	9.00	1.04
>SRR10092187.915	4.57	0.00
>SRR10092187.916	0.00	0.00
>SRR10092187.917	0.00	0.00
>SRR10092187.918	0.00	0.00
>SRR10092187.919	5.00	0.00
>SRR10092187.920	0.00	0.00
>SRR10092187.921	0.00	0.00
>SRR10092187.922	21.23	0.47
>SRR10092187.923	0.66	0.00
>SRR10092187.924	0.00	0.00
>SRR10092187.925	0.00	0.00
>SRR10092187.926	0.00	0.00
>SRR10092187.927	0.00	0.00
>SRR10092187.928	1.14	0.28
>SRR10092187.929	0.00	0.00
>SRR10092187.930	5.00	0.00
>SRR10092187.931	0.28	0.00
>SRR10092187.932	5.00	0.00
>SRR10092187.933	0.00	0.00
>SRR10092187.937	6.85	1.14
>SRR10092187.938	0.00	0.00
>SRR10092187.939	1.52	0.00
>SRR10092187.940	0.00	0.00
>SRR10092187.941	0.00	0.00
>SRR10092187.942	0.00	0.00
>SRR10092187.943	5.00	0.19
>SRR10092187.944	4.00	0.00
>SRR10092187.945	0.00	0.00
>SRR10092187.946	0.00	0.00
>SRR10092187.947	0.00	0.00
>SRR10092187.948	6130.00	4693.00
>SRR10092187.951	0.00	0.00
>SRR10092187.952	0.00	0.00
>SRR10092187.953	0.00	0.00
>SRR10092187.954	0.00	0.00
>SRR10092187.955	0.00	0.00
>SRR10092187.956	0.00	0.00
>SRR10092187.957	0.00	0.00
>SRR10092187.958	0.00	0.00
>SRR10092187.959	2.71	0.00
>SRR10092187.960	0.00	0.00
>SRR10092187.961	33.00	2.38
>SRR10092187.962	1.57	0.00
>SRR10092187.963	6.00	0.00
>SRR10092187.964	0.00	0.00
>SRR10092187.966	40.33	3.66
>SRR10092187.967	0.00	0.00
>SRR10092187.968	19.57	0.00
>SRR10092187.969	0.00	0.00
>SRR10092187.970	1.23	0.00
>SRR10092187.971	0.00	0.00
>SRR10092187.972	0.00	0.00
>SRR10092187.973	0.00	0.00
>SRR10092187.974	14.14	1.71
>SRR10092187.975	12.09	0.95
>SRR10092187.976	9.00	2.00
>SRR10092187.977	1.42	0.00
>SRR10092187.978	2.61	0.00
>SRR10092187.979	0.00	0.00
>SRR10092187.980	0.00	0.00
>SRR10092187.981	1.33	0.00
>SRR10092187.982	0.00	0.00
>SRR10092187.989	0.00	0.00
>SRR10092187.990	0.00	0.00
>SRR10092187.991	12.19	6.23
>SRR10092187.992	0.00	0.00
>SRR10092187.993	0.00	0.00
>SRR10092187.994	0.00	0.00
>SRR10092187.995	16.09	0.57
>SRR10092187.996	0.00	0.00
>SRR10092187.997	1.85	0.00
>SRR10092187.998	16.38	1.61
>SRR10092187.999	0.00	0.00
>SRR10092187.1000	0.00	0.00
