query SRR10092187_10k SRR10092188_10k  
>SRR10092187.4	0-20:*	0-20:*
>SRR10092187.5	0-20:*	0-20:*
>SRR10092187.6	0-20:33	0-0:*,1-20:2
>SRR10092187.7	0-20:*	0-20:*
>SRR10092187.8	0-20:*	0-20:*
>SRR10092187.9	0-20:*	0-20:*
>SRR10092187.10	0-20:*	0-20:*
>SRR10092187.13	0-20:*	0-20:*
>SRR10092187.14	0-20:*	0-20:*
>SRR10092187.15	0-20:*	0-20:*
>SRR10092187.16	0-20:6	0-20:*
>SRR10092187.17	0-20:*	0-20:*
>SRR10092187.18	0-20:5	0-20:*
>SRR10092187.19	0-20:*	0-20:*
>SRR10092187.20	0-20:5	0-20:*
>SRR10092187.21	0-20:*	0-20:*
>SRR10092187.22	0-20:*	0-20:*
>SRR10092187.23	0-20:*	0-20:*
>SRR10092187.24	0-20:*	0-20:*
>SRR10092187.25	0-13:*,14-20:12	0-20:*
>SRR10092187.26	0-20:*	0-20:*
>SRR10092187.27	0-20:*	0-20:*
>SRR10092187.31	0-20:*	0-20:*
>SRR10092187.32	0-20:*	0-20:*
>SRR10092187.33	0-20:*	0-20:*
>SRR10092187.34	0-3:*,4-20:2	0-20:*
>SRR10092187.35	0-18:*,19-20:2	0-20:*
>SRR10092187.36	0-20:*	0-20:*
>SRR10092187.37	0-3:*,4-20:2	0-20:*
>SRR10092187.38	0-20:*	0-20:*
>SRR10092187.39	0-20:*	0-20:*
>SRR10092187.40	0-20:*	0-20:*
>SRR10092187.41	0-20:*	0-20:*
>SRR10092187.42	0-20:*	0-20:*
>SRR10092187.43	0-20:*	0-20:*
>SRR10092187.44	0-20:*	0-20:*
>SRR10092187.46	0-20:*	0-20:*
>SRR10092187.47	0-8:25,9-14:29,15-19:28,20-20:21	0-14:2,15-20:*
>SRR10092187.48	0-20:*	0-20:*
>SRR10092187.49	0-13:2,14-14:70,15-20:39	0-13:*,14-20:3
>SRR10092187.50	0-20:*	0-20:*
>SRR10092187.51	0-20:*	0-20:*
>SRR10092187.52	0-7:2,8-13:10,14-20:11	0-20:*
>SRR10092187.53	0-20:*	0-20:*
>SRR10092187.54	0-9:7,10-20:26	0-20:*
>SRR10092187.55	0-20:*	0-20:*
>SRR10092187.56	0-20:12	0-13:2,14-20:*
>SRR10092187.57	0-20:5	0-20:3
>SRR10092187.62	0-20:*	0-20:*
>SRR10092187.63	0-9:14,10-13:45,14-15:40,16-20:38	0-9:*,10-20:2
>SRR10092187.64	0-20:*	0-20:*
>SRR10092187.65	0-20:*	0-20:*
>SRR10092187.66	0-20:*	0-20:*
>SRR10092187.67	0-20:*	0-20:*
>SRR10092187.68	0-20:*	0-20:*
>SRR10092187.69	0-0:*,1-20:2	0-20:*
>SRR10092187.70	0-2:13,3-15:12,16-20:2	0-20:*
>SRR10092187.71	0-14:*,15-15:2,16-16:12,17-20:6130	0-14:*,15-15:2,16-16:15,17-20:4693
>SRR10092187.72	0-20:*	0-20:*
>SRR10092187.73	0-20:*	0-20:*
>SRR10092187.78	0-13:*,14-20:2	0-20:*
>SRR10092187.79	0-20:*	0-20:*
>SRR10092187.80	0-7:*,8-20:2	0-20:*
>SRR10092187.81	0-20:*	0-20:*
>SRR10092187.82	0-20:*	0-20:*
>SRR10092187.83	0-20:*	0-20:*
>SRR10092187.84	0-10:2,11-11:9,12-20:8	0-12:*,13-20:2
>SRR10092187.85	0-20:*	0-20:*
>SRR10092187.86	0-20:*	0-20:*
>SRR10092187.87	0-20:*	0-20:*
>SRR10092187.88	0-20:*	0-20:*
>SRR10092187.89	0-20:*	0-20:*
>SRR10092187.90	0-20:*	0-20:*
>SRR10092187.91	0-18:22,19-20:29	0-8:*,9-19:2,20-20:*
>SRR10092187.92	0-20:*	0-20:*
>SRR10092187.93	0-20:*	0-20:*
>SRR10092187.94	0-20:5	0-6:*,7-13:2,14-20:*
>SRR10092187.95	0-5:2,6-20:*	0-20:*
>SRR10092187.96	0-9:*,10-20:3	0-20:*
>SRR10092187.98	0-20:*	0-20:*
>SRR10092187.99	0-20:*	0-20:*
>SRR10092187.100	0-20:*	0-20:*
>SRR10092187.101	0-20:*	0-20:*
>SRR10092187.102	0-20:*	0-20:*
>SRR10092187.103	0-20:*	0-20:*
>SRR10092187.104	0-20:4	0-20:*
>SRR10092187.105	0-6:35,7-11:175,12-15:212,16-16:222,17-20:6130	0-6:30,7-12:126,13-15:151,16-16:156,17-20:4693
>SRR10092187.106	0-9:2,10-20:*	0-20:*
>SRR10092187.107	0-20:11	0-20:*
>SRR10092187.108	0-20:*	0-20:*
>SRR10092187.109	0-20:*	0-20:*
>SRR10092187.110	0-20:*	0-20:*
>SRR10092187.111	0-20:*	0-20:*
>SRR10092187.112	0-11:2,12-20:*	0-20:*
>SRR10092187.113	0-2:*,3-20:2	0-20:*
>SRR10092187.114	0-2:2,3-8:*,9-20:2	0-20:*
>SRR10092187.118	0-20:*	0-20:*
>SRR10092187.119	0-13:3,14-14:45,15-15:53,16-16:62,17-17:78,18-18:79,19-20:16	0-15:*,16-20:2
>SRR10092187.120	0-20:6130	0-20:4693
>SRR10092187.121	0-20:*	0-20:*
>SRR10092187.122	0-10:*,11-20:4	0-20:*
>SRR10092187.123	0-10:*,11-14:4,15-20:9	0-20:*
>SRR10092187.124	0-20:*	0-20:*
>SRR10092187.125	0-20:*	0-20:*
>SRR10092187.126	0-7:2,8-20:*	0-20:*
>SRR10092187.127	0-18:26,19-20:21	0-20:*
>SRR10092187.128	0-12:2,13-20:20	0-3:*,4-12:2,13-20:14
>SRR10092187.129	0-20:5	0-20:*
>SRR10092187.130	0-1:*,2-13:2,14-20:11	0-20:*
>SRR10092187.131	0-20:*	0-20:*
>SRR10092187.136	0-20:*	0-20:*
>SRR10092187.137	0-20:3	0-20:*
>SRR10092187.138	0-20:*	0-20:*
>SRR10092187.139	0-20:*	0-20:*
>SRR10092187.140	0-20:*	0-20:*
>SRR10092187.141	0-20:9	0-20:*
>SRR10092187.142	0-20:*	0-20:*
>SRR10092187.143	0-8:*,9-9:2,10-10:7,11-11:18,12-20:6130	0-8:*,9-9:2,10-10:19,11-11:23,12-20:4693
>SRR10092187.144	0-20:*	0-20:*
>SRR10092187.145	0-20:*	0-20:*
>SRR10092187.152	0-20:*	0-20:*
>SRR10092187.153	0-20:*	0-20:*
>SRR10092187.154	0-20:*	0-20:*
>SRR10092187.155	0-20:2	0-20:2
>SRR10092187.156	0-10:2,11-20:*	0-20:*
>SRR10092187.157	0-20:5	0-20:*
>SRR10092187.158	0-20:*	0-20:*
>SRR10092187.159	0-20:*	0-20:*
>SRR10092187.160	0-11:17,12-17:16,18-20:*	0-13:2,14-20:*
>SRR10092187.161	0-20:*	0-20:*
>SRR10092187.162	0-20:*	0-20:*
>SRR10092187.163	0-13:*,14-14:2,15-20:33	0-14:*,15-20:4
>SRR10092187.164	0-20:2	0-20:*
>SRR10092187.165	0-20:*	0-20:*
>SRR10092187.166	0-20:*	0-20:*
>SRR10092187.167	0-20:*	0-20:*
>SRR10092187.168	0-20:*	0-20:*
>SRR10092187.169	0-20:*	0-20:*
>SRR10092187.173	0-20:9	0-3:*,4-20:3
>SRR10092187.174	0-20:*	0-20:*
>SRR10092187.175	0-20:*	0-20:*
>SRR10092187.176	0-20:*	0-20:*
>SRR10092187.177	0-1:*,2-20:3	0-20:*
>SRR10092187.178	0-17:2,18-20:*	0-20:*
>SRR10092187.179	0-20:*	0-20:*
>SRR10092187.180	0-20:*	0-20:*
>SRR10092187.181	0-11:7,12-12:16,13-20:17	0-2:*,3-11:4,12-20:9
>SRR10092187.182	0-20:*	0-20:*
>SRR10092187.183	0-9:*,10-20:2	0-20:*
>SRR10092187.184	0-20:*	0-20:*
>SRR10092187.185	0-1:*,2-20:2	0-20:*
>SRR10092187.186	0-20:*	0-20:*
>SRR10092187.187	0-8:*,9-14:5,15-20:4	0-20:*
>SRR10092187.192	0-20:*	0-20:*
>SRR10092187.193	0-20:3	0-20:*
>SRR10092187.194	0-20:*	0-20:*
>SRR10092187.195	0-20:*	0-20:*
>SRR10092187.196	0-20:*	0-20:*
>SRR10092187.197	0-11:2,12-20:*	0-20:*
>SRR10092187.198	0-20:6130	0-20:4693
>SRR10092187.199	0-20:*	0-20:*
>SRR10092187.200	0-20:*	0-20:*
>SRR10092187.201	0-20:*	0-20:*
>SRR10092187.202	0-20:*	0-20:*
>SRR10092187.203	0-20:*	0-20:*
>SRR10092187.209	0-20:*	0-20:*
>SRR10092187.210	0-20:*	0-20:*
>SRR10092187.211	0-20:*	0-20:*
>SRR10092187.212	0-20:*	0-20:*
>SRR10092187.213	0-20:*	0-20:*
>SRR10092187.214	0-20:3	0-20:*
>SRR10092187.215	0-20:*	0-20:*
>SRR10092187.216	0-1:35,2-6:175,7-10:212,11-11:222,12-20:6130	0-1:30,2-7:126,8-10:151,11-11:156,12-20:4693
>SRR10092187.217	0-20:*	0-20:*
>SRR10092187.218	0-20:9	0-7:*,8-20:2
>SRR10092187.219	0-20:*	0-20:*
>SRR10092187.220	0-4:2,5-20:*	0-20:*
>SRR10092187.221	0-4:*,5-20:5	0-20:*
>SRR10092187.222	0-20:*	0-20:*
>SRR10092187.226	0-20:*	0-20:*
>SRR10092187.227	0-20:*	0-20:*
>SRR10092187.228	0-20:*	0-20:*
>SRR10092187.229	0-20:*	0-20:*
>SRR10092187.230	0-2:*,3-20:2	0-20:*
>SRR10092187.231	0-20:*	0-20:*
>SRR10092187.232	0-20:*	0-20:*
>SRR10092187.233	0-20:*	0-20:*
>SRR10092187.234	0-20:*	0-20:*
>SRR10092187.235	0-20:*	0-20:*
>SRR10092187.236	0-20:*	0-20:*
>SRR10092187.237	0-20:*	0-20:*
>SRR10092187.238	0-20:*	0-20:*
>SRR10092187.239	0-20:9	0-8:*,9-20:2
>SRR10092187.240	0-20:*	0-20:*
>SRR10092187.241	0-20:*	0-20:*
>SRR10092187.242	0-20:*	0-20:*
>SRR10092187.243	0-20:*	0-20:*
>SRR10092187.244	0-12:2,13-20:*	0-20:*
>SRR10092187.245	0-20:*	0-20:*
>SRR10092187.246	0-3:12,4-20:19	0-8:2,9-20:*
>SRR10092187.247	0-20:*	0-20:*
>SRR10092187.251	0-20:*	0-20:*
>SRR10092187.252	0-20:5	0-20:*
>SRR10092187.253	0-20:*	0-20:*
>SRR10092187.254	0-20:*	0-20:*
>SRR10092187.255	0-20:*	0-20:*
>SRR10092187.256	0-7:*,8-11:20,12-20:15	0-7:*,8-20:3
>SRR10092187.257	0-2:*,3-20:2	0-20:*
>SRR10092187.258	0-3:8,4-8:26,9-9:42,10-10:58,11-11:67,12-12:87,13-13:94,14-20:59	0-3:*,4-8:2,9-10:7,11-11:12,12-12:17,13-20:4
>SRR10092187.259	0-20:*	0-20:*
>SRR10092187.260	0-20:4	0-20:*
>SRR10092187.261	0-20:*	0-20:*
>SRR10092187.262	0-20:*	0-20:*
>SRR10092187.263	0-20:*	0-20:*
>SRR10092187.270	0-20:*	0-20:*
>SRR10092187.271	0-20:*	0-20:*
>SRR10092187.272	0-20:*	0-20:*
>SRR10092187.273	0-20:*	0-20:*
>SRR10092187.274	0-20:*	0-20:*
>SRR10092187.275	0-13:23,14-20:25	0-20:*
>SRR10092187.276	0-20:*	0-20:*
>SRR10092187.277	0-7:2,8-20:*	0-20:*
>SRR10092187.278	0-1:2,2-20:*	0-20:*
>SRR10092187.279	0-2:11,3-3:13,4-7:16,8-20:12	0-20:*
>SRR10092187.280	0-20:*	0-20:*
>SRR10092187.281	0-20:*	0-20:*
>SRR10092187.282	0-20:*	0-20:*
>SRR10092187.283	0-20:5	0-20:*
>SRR10092187.284	0-12:2,13-20:*	0-20:*
>SRR10092187.289	0-20:9	0-0:2,1-20:*
>SRR10092187.290	0-19:*,20-20:59	0-19:*,20-20:4
>SRR10092187.291	0-20:*	0-20:*
>SRR10092187.292	0-16:3,17-20:*	0-20:*
>SRR10092187.293	0-20:5	0-20:*
>SRR10092187.294	0-20:*	0-20:*
>SRR10092187.295	0-1:*,2-5:20,6-20:6130	0-1:*,2-4:14,5-5:13,6-20:4693
>SRR10092187.296	0-20:*	0-20:*
>SRR10092187.297	0-20:*	0-20:*
>SRR10092187.298	0-16:2,17-20:*	0-20:*
>SRR10092187.299	0-20:5	0-2:2,3-20:*
>SRR10092187.300	0-20:*	0-20:*
>SRR10092187.301	0-20:*	0-20:*
>SRR10092187.302	0-20:2	0-20:*
>SRR10092187.303	0-20:*	0-20:*
>SRR10092187.304	0-20:*	0-20:*
>SRR10092187.305	0-20:*	0-20:*
>SRR10092187.306	0-20:*	0-20:*
>SRR10092187.307	0-20:*	0-20:*
>SRR10092187.310	0-20:*	0-20:*
>SRR10092187.311	0-20:*	0-20:*
>SRR10092187.312	0-20:*	0-20:*
>SRR10092187.313	0-20:*	0-20:*
>SRR10092187.314	0-12:*,13-20:2	0-20:*
>SRR10092187.315	0-19:2,20-20:*	0-20:*
>SRR10092187.316	0-2:10,3-9:39,10-10:48,11-11:63,12-12:70,13-20:39	0-10:*,11-20:3
>SRR10092187.317	0-20:*	0-20:*
>SRR10092187.318	0-20:*	0-20:*
>SRR10092187.319	0-12:16,13-20:17	0-15:*,16-20:2
>SRR10092187.320	0-20:*	0-20:*
>SRR10092187.321	0-20:6130	0-20:4693
>SRR10092187.322	0-20:*	0-20:*
>SRR10092187.323	0-20:*	0-20:*
>SRR10092187.324	0-9:17,10-20:16	0-6:2,7-20:*
>SRR10092187.325	0-20:*	0-20:*
>SRR10092187.335	0-20:*	0-20:*
>SRR10092187.336	0-5:2,6-20:*	0-20:*
>SRR10092187.337	0-20:*	0-20:*
>SRR10092187.338	0-1:35,2-6:175,7-10:212,11-11:222,12-17:6130,18-18:22,19-20:3	0-1:30,2-7:126,8-10:151,11-11:156,12-17:4693,18-18:18,19-19:6,20-20:2
>SRR10092187.339	0-20:*	0-20:*
>SRR10092187.340	0-11:8,12-20:*	0-20:*
>SRR10092187.341	0-10:*,11-20:33	0-10:*,11-11:2,12-15:*,16-20:4
>SRR10092187.342	0-20:*	0-20:*
>SRR10092187.343	0-16:*,17-20:2	0-20:*
>SRR10092187.344	0-6:2,7-11:24,12-15:45,16-17:40,18-20:38	0-6:*,7-20:2
>SRR10092187.345	0-7:*,8-20:14	0-20:*
>SRR10092187.346	0-20:*	0-20:*
>SRR10092187.347	0-20:*	0-20:*
>SRR10092187.348	0-20:*	0-20:*
>SRR10092187.349	0-17:*,18-20:2	0-20:*
>SRR10092187.350	0-20:*	0-20:*
>SRR10092187.351	0-20:*	0-20:*
>SRR10092187.352	0-1:2,2-2:6,3-7:175,8-11:212,12-12:222,13-20:6130	0-0:*,1-2:2,3-8:126,9-11:151,12-12:156,13-20:4693
>SRR10092187.360	0-5:2,6-12:*,13-20:2	0-20:*
>SRR10092187.361	0-9:*,10-10:70,11-20:39	0-9:*,10-20:3
>SRR10092187.362	0-20:*	0-20:*
>SRR10092187.363	0-5:*,6-20:2	0-20:*
>SRR10092187.364	0-20:*	0-20:*
>SRR10092187.365	0-4:*,5-20:2	0-20:*
>SRR10092187.367	0-20:6130	0-20:4693
>SRR10092187.368	0-1:35,2-6:175,7-10:212,11-11:222,12-20:6130	0-1:30,2-7:126,8-10:151,11-11:156,12-20:4693
>SRR10092187.369	0-20:*	0-20:*
>SRR10092187.370	0-1:2,2-20:*	0-20:*
>SRR10092187.371	0-20:*	0-20:*
>SRR10092187.372	0-20:*	0-20:*
>SRR10092187.373	0-20:*	0-20:*
>SRR10092187.374	0-20:*	0-20:*
>SRR10092187.375	0-20:*	0-20:*
>SRR10092187.376	0-0:5,1-20:*	0-20:*
>SRR10092187.377	0-20:*	0-20:*
>SRR10092187.378	0-20:*	0-20:*
>SRR10092187.379	0-20:*	0-20:*
>SRR10092187.380	0-18:*,19-20:2	0-20:*
>SRR10092187.381	0-20:*	0-20:*
>SRR10092187.382	0-11:2,12-20:*	0-20:*
>SRR10092187.389	0-20:*	0-20:*
>SRR10092187.390	0-20:*	0-20:*
>SRR10092187.391	0-20:*	0-20:*
>SRR10092187.392	0-20:*	0-20:*
>SRR10092187.393	0-19:3,20-20:*	0-20:*
>SRR10092187.394	0-20:*	0-20:*
>SRR10092187.395	0-20:33	0-2:*,3-20:2
>SRR10092187.396	0-2:*,3-20:6	0-20:*
>SRR10092187.397	0-20:*	0-20:*
>SRR10092187.398	0-20:*	0-20:*
>SRR10092187.402	0-20:*	0-20:*
>SRR10092187.403	0-20:*	0-20:*
>SRR10092187.404	0-20:*	0-20:*
>SRR10092187.405	0-4:2,5-5:53,6-6:62,7-7:78,8-8:79,9-20:16	0-5:*,6-18:2,19-20:*
>SRR10092187.406	0-20:*	0-20:*
>SRR10092187.407	0-19:*,20-20:2	0-20:*
>SRR10092187.408	0-20:5	0-20:*
>SRR10092187.409	0-20:*	0-20:*
>SRR10092187.410	0-4:*,5-20:2	0-8:4,9-16:9,17-20:5
>SRR10092187.411	0-20:*	0-20:*
>SRR10092187.412	0-20:*	0-20:*
>SRR10092187.413	0-1:2,2-20:*	0-20:2
>SRR10092187.414	0-11:*,12-16:2,17-20:*	0-20:*
>SRR10092187.415	0-1:35,2-6:175,7-10:212,11-11:222,12-20:6130	0-1:30,2-7:126,8-10:151,11-11:156,12-20:4693
>SRR10092187.416	0-20:*	0-20:*
>SRR10092187.417	0-20:*	0-20:*
>SRR10092187.418	0-20:*	0-20:*
>SRR10092187.419	0-4:2,5-20:*	0-20:*
>SRR10092187.422	0-20:*	0-20:*
>SRR10092187.423	0-20:2	0-20:*
>SRR10092187.424	0-4:2,5-20:*	0-20:*
>SRR10092187.425	0-20:*	0-20:*
>SRR10092187.426	0-20:*	0-20:*
>SRR10092187.427	0-20:6130	0-20:4693
>SRR10092187.428	0-20:*	0-20:*
>SRR10092187.429	0-20:3	0-20:*
>SRR10092187.430	0-20:*	0-20:*
>SRR10092187.431	0-2:25,3-20:23	0-20:*
>SRR10092187.432	0-20:*	0-20:*
>SRR10092187.433	0-20:*	0-20:*
>SRR10092187.434	0-20:*	0-20:*
>SRR10092187.435	0-5:*,6-20:2	0-20:*
>SRR10092187.436	0-20:*	0-20:*
>SRR10092187.437	0-20:*	0-20:*
>SRR10092187.438	0-1:35,2-6:175,7-10:212,11-11:222,12-20:6130	0-1:30,2-7:126,8-10:151,11-11:156,12-20:4693
>SRR10092187.439	0-1:35,2-6:175,7-10:212,11-11:222,12-20:6130	0-1:30,2-7:126,8-10:151,11-11:156,12-20:4693
>SRR10092187.440	0-5:*,6-20:5	0-5:*,6-20:3
>SRR10092187.441	0-20:5	0-14:2,15-20:*
>SRR10092187.442	0-20:3	0-1:*,2-19:2,20-20:*
>SRR10092187.443	0-20:17	0-0:*,1-20:2
>SRR10092187.444	0-20:*	0-20:*
>SRR10092187.445	0-9:*,10-10:2,11-14:45,15-19:24,20-20:19	0-10:*,11-20:2
>SRR10092187.446	0-20:9	0-20:*
>SRR10092187.447	0-20:*	0-20:*
>SRR10092187.448	0-20:*	0-20:*
>SRR10092187.449	0-20:*	0-20:*
>SRR10092187.450	0-20:9	0-17:*,18-20:3
>SRR10092187.451	0-4:*,5-12:3,13-13:48,14-14:63,15-15:70,16-20:39	0-13:*,14-20:3
>SRR10092187.452	0-5:39,6-14:32,15-15:29,16-19:24,20-20:22	0-6:*,7-14:2,15-20:*
>SRR10092187.453	0-11:17,12-20:8	0-11:2,12-20:*
>SRR10092187.454	0-20:*	0-20:*
>SRR10092187.455	0-20:*	0-20:*
>SRR10092187.456	0-20:*	0-20:*
>SRR10092187.457	0-20:*	0-20:*
>SRR10092187.458	0-20:*	0-20:*
>SRR10092187.465	0-10:15,11-20:12	0-3:3,4-20:*
>SRR10092187.466	0-0:2,1-20:*	0-20:*
>SRR10092187.467	0-14:*,15-20:6	0-20:*
>SRR10092187.468	0-6:2,7-20:*	0-20:*
>SRR10092187.469	0-4:7,5-10:16,11-20:23	0-20:*
>SRR10092187.470	0-2:*,3-20:2	0-20:*
>SRR10092187.471	0-20:*	0-20:*
>SRR10092187.472	0-20:*	0-20:*
>SRR10092187.478	0-20:*	0-20:*
>SRR10092187.479	0-20:*	0-20:*
>SRR10092187.480	0-20:*	0-20:*
>SRR10092187.481	0-20:*	0-20:*
>SRR10092187.482	0-20:*	0-20:*
>SRR10092187.483	0-1:175,2-5:212,6-6:222,7-20:6130	0-2:126,3-5:151,6-6:156,7-20:4693
>SRR10092187.484	0-11:*,12-20:2	0-20:*
>SRR10092187.485	0-20:*	0-20:*
>SRR10092187.486	0-20:*	0-20:*
>SRR10092187.487	0-20:*	0-20:*
>SRR10092187.488	0-14:26,15-20:21	0-20:*
>SRR10092187.489	0-1:2,2-16:*,17-20:2	0-20:*
>SRR10092187.490	0-8:2,9-20:22	0-8:*,9-18:2,19-20:*
>SRR10092187.495	0-20:*	0-20:*
>SRR10092187.496	0-6:2,7-20:*	0-20:*
>SRR10092187.497	0-2:5,3-20:*	0-20:*
>SRR10092187.498	0-15:5,16-20:3	0-20:*
>SRR10092187.499	0-3:*,4-19:4,20-20:17	0-3:*,4-13:2,14-20:*
>SRR10092187.500	0-20:*	0-20:*
>SRR10092187.501	0-20:*	0-20:*
>SRR10092187.502	0-20:*	0-20:*
>SRR10092187.503	0-20:9	0-0:2,1-4:*,5-16:2,17-20:*
>SRR10092187.509	0-20:*	0-20:*
>SRR10092187.510	0-20:*	0-20:*
>SRR10092187.511	0-3:24,4-7:45,8-9:40,10-14:38,15-20:26	0-20:2
>SRR10092187.512	0-20:*	0-20:*
>SRR10092187.513	0-20:*	0-20:*
>SRR10092187.514	0-20:*	0-20:*
>SRR10092187.515	0-7:*,8-18:2,19-20:*	0-20:*
>SRR10092187.516	0-20:*	0-20:*
>SRR10092187.517	0-20:*	0-20:*
>SRR10092187.518	0-20:*	0-20:*
>SRR10092187.519	0-1:35,2-6:175,7-10:212,11-11:222,12-20:6130	0-1:30,2-7:126,8-10:151,11-11:156,12-20:4693
>SRR10092187.521	0-20:26	0-19:*,20-20:2
>SRR10092187.522	0-0:6,1-5:175,6-9:212,10-10:222,11-20:6130	0-0:2,1-6:126,7-9:151,10-10:156,11-20:4693
>SRR10092187.523	0-20:*	0-20:*
>SRR10092187.524	0-5:*,6-7:2,8-9:17,10-20:19	0-20:*
>SRR10092187.525	0-17:*,18-20:2	0-20:*
>SRR10092187.526	0-9:*,10-11:2,12-20:*	0-20:*
>SRR10092187.527	0-9:2,10-20:*	0-20:*
>SRR10092187.528	0-20:*	0-20:*
>SRR10092187.529	0-20:*	0-20:*
>SRR10092187.530	0-10:2,11-14:*,15-20:2	0-5:*,6-20:2
>SRR10092187.531	0-9:14,10-13:45,14-15:40,16-20:38	0-9:*,10-20:2
>SRR10092187.532	0-20:*	0-20:*
>SRR10092187.533	0-20:*	0-20:*
>SRR10092187.534	0-20:*	0-20:*
>SRR10092187.535	0-20:*	0-20:*
>SRR10092187.536	0-20:3	0-20:*
>SRR10092187.537	0-20:*	0-20:*
>SRR10092187.538	0-20:*	0-20:*
>SRR10092187.541	0-20:*	0-20:*
>SRR10092187.542	0-12:26,13-17:38,18-19:40,20-20:45	0-3:*,4-20:2
>SRR10092187.543	0-20:*	0-20:*
>SRR10092187.544	0-20:9	0-20:*
>SRR10092187.545	0-20:*	0-20:*
>SRR10092187.546	0-20:*	0-20:*
>SRR10092187.547	0-20:*	0-20:*
>SRR10092187.548	0-20:*	0-20:*
>SRR10092187.549	0-20:*	0-20:*
>SRR10092187.550	0-0:67,1-1:87,2-2:94,3-13:59,14-19:44,20-20:32	0-0:12,1-1:17,2-20:4
>SRR10092187.554	0-20:4	0-20:*
>SRR10092187.555	0-11:*,12-20:11	0-20:*
>SRR10092187.556	0-20:2	0-20:*
>SRR10092187.557	0-20:*	0-20:*
>SRR10092187.558	0-20:*	0-20:*
>SRR10092187.559	0-20:*	0-20:*
>SRR10092187.560	0-20:*	0-20:*
>SRR10092187.561	0-20:*	0-20:*
>SRR10092187.562	0-7:2,8-20:*	0-20:*
>SRR10092187.563	0-20:*	0-20:*
>SRR10092187.564	0-20:*	0-20:*
>SRR10092187.565	0-20:6	0-20:*
>SRR10092187.566	0-12:*,13-20:9	0-20:*
>SRR10092187.567	0-20:*	0-20:*
>SRR10092187.568	0-20:*	0-20:*
>SRR10092187.569	0-20:*	0-20:*
>SRR10092187.575	0-20:*	0-20:*
>SRR10092187.576	0-20:*	0-20:*
>SRR10092187.577	0-20:*	0-20:*
>SRR10092187.578	0-1:175,2-5:212,6-6:222,7-20:6130	0-2:126,3-5:151,6-6:156,7-20:4693
>SRR10092187.579	0-20:*	0-20:*
>SRR10092187.580	0-16:8,17-17:78,18-18:79,19-20:16	0-16:*,17-20:2
>SRR10092187.581	0-20:*	0-20:*
>SRR10092187.582	0-20:*	0-20:*
>SRR10092187.583	0-20:*	0-20:*
>SRR10092187.584	0-20:*	0-20:*
>SRR10092187.585	0-20:*	0-20:*
>SRR10092187.586	0-13:2,14-14:63,15-15:70,16-20:39	0-13:*,14-20:3
>SRR10092187.587	0-20:3	0-17:*,18-20:2
>SRR10092187.592	0-20:*	0-20:*
>SRR10092187.593	0-20:*	0-20:*
>SRR10092187.594	0-20:*	0-20:*
>SRR10092187.595	0-20:*	0-20:*
>SRR10092187.596	0-3:*,4-10:2,11-16:29,17-20:25	0-10:*,11-20:2
>SRR10092187.597	0-9:*,10-20:3	0-20:*
>SRR10092187.598	0-20:*	0-20:*
>SRR10092187.599	0-6:9,7-20:*	0-1:2,2-5:*,6-6:2,7-20:*
>SRR10092187.600	0-20:5	0-3:*,4-15:2,16-20:*
>SRR10092187.601	0-3:2,4-4:73,5-5:75,6-6:73,7-7:75,8-8:73,9-9:75,10-10:73,11-11:75,12-12:73,13-13:3,14-20:*	0-3:*,4-12:32,13-20:*
>SRR10092187.602	0-13:*,14-20:2	0-20:*
>SRR10092187.603	0-20:*	0-20:*
>SRR10092187.604	0-20:*	0-20:*
>SRR10092187.605	0-6:2,7-20:8	0-20:*
>SRR10092187.606	0-20:*	0-20:*
>SRR10092187.607	0-20:*	0-20:*
>SRR10092187.613	0-20:*	0-20:*
>SRR10092187.614	0-9:11,10-11:14,12-12:28,13-13:35,14-14:45,15-15:53,16-16:62,17-17:78,18-18:79,19-20:16	0-15:*,16-20:2
>SRR10092187.615	0-20:*	0-20:*
>SRR10092187.616	0-20:*	0-20:*
>SRR10092187.617	0-20:*	0-20:*
>SRR10092187.618	0-20:*	0-20:*
>SRR10092187.619	0-20:3	0-6:2,7-20:*
>SRR10092187.620	0-20:3	0-20:*
>SRR10092187.621	0-20:*	0-20:*
>SRR10092187.622	0-20:*	0-20:*
>SRR10092187.623	0-20:*	0-20:*
>SRR10092187.624	0-1:175,2-5:212,6-6:222,7-20:6130	0-2:126,3-5:151,6-6:156,7-20:4693
>SRR10092187.625	0-20:*	0-20:*
>SRR10092187.626	0-20:*	0-20:*
>SRR10092187.627	0-13:2,14-20:*	0-20:*
>SRR10092187.634	0-20:*	0-20:*
>SRR10092187.635	0-20:*	0-20:*
>SRR10092187.636	0-20:*	0-20:*
>SRR10092187.637	0-20:*	0-20:*
>SRR10092187.638	0-20:*	0-20:*
>SRR10092187.639	0-13:*,14-20:3	0-20:*
>SRR10092187.640	0-20:*	0-1:*,2-20:2
>SRR10092187.641	0-1:35,2-6:175,7-10:212,11-11:222,12-20:6130	0-1:30,2-7:126,8-10:151,11-11:156,12-20:4693
>SRR10092187.642	0-20:*	0-20:*
>SRR10092187.643	0-20:*	0-20:*
>SRR10092187.644	0-20:*	0-20:*
>SRR10092187.645	0-20:*	0-20:*
>SRR10092187.646	0-20:*	0-20:*
>SRR10092187.647	0-9:3,10-10:45,11-11:53,12-12:62,13-13:78,14-14:79,15-20:16	0-11:*,12-20:2
>SRR10092187.648	0-0:29,1-9:32,10-16:39,17-17:48,18-18:63,19-19:70,20-20:39	0-0:*,1-8:2,9-17:*,18-20:3
>SRR10092187.649	0-3:175,4-7:212,8-8:222,9-20:6130	0-4:126,5-7:151,8-8:156,9-20:4693
>SRR10092187.652	0-11:11,12-16:26,17-17:42,18-18:58,19-19:67,20-20:87	0-16:2,17-18:7,19-19:12,20-20:17
>SRR10092187.653	0-4:*,5-8:9,9-20:5	0-4:*,5-12:2,13-20:*
>SRR10092187.654	0-20:*	0-20:*
>SRR10092187.655	0-12:2,13-13:42,14-14:58,15-15:67,16-16:87,17-17:94,18-20:59	0-12:*,13-14:7,15-15:12,16-16:17,17-20:4
>SRR10092187.656	0-20:*	0-20:*
>SRR10092187.657	0-20:*	0-20:*
>SRR10092187.658	0-20:*	0-20:*
>SRR10092187.659	0-7:2,8-20:*	0-20:*
>SRR10092187.660	0-20:*	0-20:*
>SRR10092187.661	0-4:175,5-8:212,9-9:222,10-20:6130	0-5:126,6-8:151,9-9:156,10-20:4693
>SRR10092187.662	0-20:*	0-20:*
>SRR10092187.663	0-20:*	0-20:*
>SRR10092187.664	0-20:*	0-20:*
>SRR10092187.665	0-20:*	0-20:*
>SRR10092187.666	0-20:*	0-20:*
>SRR10092187.667	0-8:*,9-20:3	0-20:*
>SRR10092187.668	0-20:*	0-20:*
>SRR10092187.672	0-20:*	0-20:*
>SRR10092187.673	0-20:*	0-20:*
>SRR10092187.674	0-20:*	0-20:*
>SRR10092187.675	0-3:*,4-20:2	0-20:*
>SRR10092187.676	0-20:*	0-20:*
>SRR10092187.677	0-20:*	0-20:*
>SRR10092187.678	0-12:*,13-20:2	0-20:*
>SRR10092187.679	0-20:39	0-13:3,14-17:*,18-20:3
>SRR10092187.680	0-7:5,8-20:10	0-20:*
>SRR10092187.681	0-8:*,9-20:2	0-20:*
>SRR10092187.682	0-18:*,19-20:2	0-20:*
>SRR10092187.683	0-20:33	0-8:3,9-9:*,10-14:2,15-20:*
>SRR10092187.684	0-20:*	0-20:*
>SRR10092187.685	0-10:*,11-13:2,14-20:*	0-20:*
>SRR10092187.686	0-20:*	0-20:*
>SRR10092187.687	0-20:*	0-20:*
>SRR10092187.688	0-6:*,7-20:4	0-20:*
>SRR10092187.689	0-3:19,4-5:17,6-8:13,9-12:2,13-14:*,15-20:2	0-20:*
>SRR10092187.694	0-20:*	0-20:*
>SRR10092187.695	0-20:*	0-20:*
>SRR10092187.696	0-1:2,2-4:*,5-20:2	0-20:*
>SRR10092187.697	0-20:*	0-20:*
>SRR10092187.698	0-20:*	0-20:*
>SRR10092187.699	0-0:*,1-1:5,2-17:14,18-18:20,19-20:22	0-20:*
>SRR10092187.700	0-20:*	0-20:*
>SRR10092187.701	0-20:*	0-20:*
>SRR10092187.702	0-20:*	0-20:*
>SRR10092187.703	0-20:*	0-20:*
>SRR10092187.704	0-20:*	0-20:*
>SRR10092187.705	0-20:*	0-20:*
>SRR10092187.706	0-20:33	0-16:2,17-20:*
>SRR10092187.707	0-3:32,4-10:39,11-11:48,12-20:*	0-2:2,3-20:*
>SRR10092187.708	0-5:*,6-20:2	0-20:*
>SRR10092187.709	0-20:*	0-20:*
>SRR10092187.710	0-20:*	0-20:*
>SRR10092187.714	0-20:*	0-20:*
>SRR10092187.715	0-20:*	0-20:*
>SRR10092187.716	0-1:*,2-12:2,13-13:28,14-14:35,15-15:45,16-16:53,17-17:62,18-18:78,19-19:79,20-20:16	0-16:*,17-20:2
>SRR10092187.717	0-11:8,12-12:11,13-13:28,14-14:35,15-15:45,16-16:53,17-17:62,18-18:78,19-19:79,20-20:16	0-9:2,10-16:*,17-20:2
>SRR10092187.718	0-18:*,19-20:2	0-20:*
>SRR10092187.719	0-20:*	0-20:*
>SRR10092187.720	0-20:*	0-20:*
>SRR10092187.721	0-20:*	0-20:*
>SRR10092187.722	0-10:*,11-20:5	0-20:*
>SRR10092187.723	0-20:*	0-20:*
>SRR10092187.724	0-20:*	0-20:*
>SRR10092187.725	0-20:*	0-20:*
>SRR10092187.726	0-8:17,9-9:222,10-20:6130	0-4:9,5-8:7,9-9:156,10-20:4693
>SRR10092187.727	0-20:2	0-20:*
>SRR10092187.734	0-20:*	0-20:*
>SRR10092187.735	0-20:*	0-20:*
>SRR10092187.736	0-20:*	0-20:*
>SRR10092187.737	0-20:*	0-20:*
>SRR10092187.738	0-20:*	0-20:*
>SRR10092187.739	0-20:*	0-20:*
>SRR10092187.740	0-20:5	0-20:*
>SRR10092187.741	0-20:*	0-20:*
>SRR10092187.742	0-1:175,2-5:212,6-6:222,7-20:6130	0-2:126,3-5:151,6-6:156,7-20:4693
>SRR10092187.743	0-20:*	0-20:*
>SRR10092187.748	0-20:*	0-20:*
>SRR10092187.749	0-20:*	0-20:*
>SRR10092187.750	0-11:9,12-12:15,13-13:25,14-20:20	0-11:3,12-12:7,13-13:13,14-20:14
>SRR10092187.751	0-1:*,2-20:4	0-20:*
>SRR10092187.752	0-13:6,14-14:11,15-18:14,19-20:10	0-20:*
>SRR10092187.753	0-20:*	0-20:*
>SRR10092187.754	0-20:*	0-20:*
>SRR10092187.755	0-8:*,9-20:2	0-20:*
>SRR10092187.756	0-1:35,2-6:175,7-10:212,11-11:222,12-20:6130	0-1:30,2-7:126,8-10:151,11-11:156,12-20:4693
>SRR10092187.757	0-20:*	0-20:*
>SRR10092187.758	0-20:*	0-20:*
>SRR10092187.759	0-20:16	0-2:40,3-20:*
>SRR10092187.760	0-20:2	0-20:*
>SRR10092187.761	0-20:*	0-20:*
>SRR10092187.762	0-20:*	0-20:*
>SRR10092187.763	0-5:*,6-20:2	0-20:*
>SRR10092187.764	0-20:*	0-20:*
>SRR10092187.765	0-20:*	0-20:*
>SRR10092187.766	0-9:2,10-10:*,11-20:2	0-20:*
>SRR10092187.767	0-20:*	0-20:*
>SRR10092187.768	0-20:3	0-20:*
>SRR10092187.769	0-20:*	0-20:*
>SRR10092187.770	0-20:*	0-20:*
>SRR10092187.771	0-20:*	0-20:*
>SRR10092187.772	0-0:*,1-12:2,13-19:11,20-20:13	0-20:*
>SRR10092187.773	0-20:*	0-20:*
>SRR10092187.774	0-20:*	0-20:*
>SRR10092187.775	0-20:*	0-20:*
>SRR10092187.777	0-20:*	0-20:*
>SRR10092187.778	0-5:*,6-6:20,7-8:29,9-20:22	0-7:*,8-18:2,19-20:*
>SRR10092187.779	0-20:*	0-20:*
>SRR10092187.780	0-20:*	0-20:*
>SRR10092187.781	0-20:*	0-20:*
>SRR10092187.782	0-20:*	0-20:*
>SRR10092187.783	0-3:*,4-20:2	0-20:*
>SRR10092187.784	0-20:*	0-20:*
>SRR10092187.785	0-9:22,10-20:26	0-20:*
>SRR10092187.786	0-20:*	0-20:*
>SRR10092187.787	0-15:*,16-20:12	0-15:*,16-20:2
>SRR10092187.788	0-8:25,9-14:29,15-19:28,20-20:21	0-14:2,15-20:*
>SRR10092187.789	0-20:*	0-20:*
>SRR10092187.792	0-20:*	0-20:*
>SRR10092187.793	0-20:*	0-20:*
>SRR10092187.794	0-20:3	0-20:*
>SRR10092187.795	0-20:*	0-20:*
>SRR10092187.796	0-20:*	0-20:*
>SRR10092187.797	0-20:*	0-20:*
>SRR10092187.798	0-20:*	0-20:*
>SRR10092187.799	0-16:2,17-20:*	0-20:*
>SRR10092187.800	0-20:*	0-20:*
>SRR10092187.801	0-20:*	0-20:*
>SRR10092187.802	0-20:*	0-20:*
>SRR10092187.803	0-20:*	0-20:*
>SRR10092187.804	0-4:26,5-20:11	0-20:2
>SRR10092187.813	0-10:*,11-20:26	0-20:*
>SRR10092187.814	0-1:*,2-11:2,12-12:29,13-20:32	0-12:*,13-20:2
>SRR10092187.815	0-20:*	0-20:*
>SRR10092187.816	0-20:12	0-20:*
>SRR10092187.817	0-20:*	0-20:*
>SRR10092187.818	0-20:*	0-20:*
>SRR10092187.819	0-14:25,15-20:29	0-4:*,5-20:2
>SRR10092187.820	0-20:*	0-20:*
>SRR10092187.821	0-2:*,3-20:3	0-20:*
>SRR10092187.822	0-20:*	0-20:*
>SRR10092187.823	0-20:*	0-20:*
>SRR10092187.824	0-20:*	0-20:*
>SRR10092187.825	0-5:16,6-20:7	0-20:*
>SRR10092187.826	0-20:*	0-20:*
>SRR10092187.827	0-20:*	0-20:*
>SRR10092187.831	0-20:*	0-20:*
>SRR10092187.832	0-20:*	0-20:*
>SRR10092187.833	0-12:32,13-18:44,19-20:59	0-20:4
>SRR10092187.834	0-5:4,6-9:22,10-13:24,14-14:29,15-20:32	0-14:*,15-20:2
>SRR10092187.835	0-20:*	0-20:*
>SRR10092187.836	0-20:*	0-20:*
>SRR10092187.837	0-20:*	0-20:*
>SRR10092187.838	0-20:*	0-20:*
>SRR10092187.839	0-8:*,9-20:2	0-20:*
>SRR10092187.840	0-2:175,3-6:212,7-7:222,8-20:6130	0-3:126,4-6:151,7-7:156,8-20:4693
>SRR10092187.841	0-20:*	0-20:*
>SRR10092187.842	0-13:*,14-20:12	0-20:*
>SRR10092187.843	0-20:*	0-20:*
>SRR10092187.844	0-20:*	0-20:*
>SRR10092187.845	0-20:*	0-20:*
>SRR10092187.846	0-5:10,6-12:39,13-13:48,14-14:63,15-15:70,16-20:39	0-13:*,14-20:3
>SRR10092187.847	0-20:5	0-20:*
>SRR10092187.848	0-20:*	0-20:*
>SRR10092187.849	0-20:*	0-20:*
>SRR10092187.854	0-20:*	0-20:*
>SRR10092187.855	0-20:2	0-20:*
>SRR10092187.856	0-18:2,19-20:*	0-20:*
>SRR10092187.857	0-20:*	0-20:*
>SRR10092187.858	0-20:*	0-20:*
>SRR10092187.859	0-20:*	0-20:*
>SRR10092187.860	0-20:*	0-20:*
>SRR10092187.861	0-13:*,14-20:2	0-10:2,11-20:*
>SRR10092187.862	0-11:2,12-20:8	0-20:*
>SRR10092187.863	0-6:2,7-12:*,13-20:4	0-0:2,1-12:*,13-16:3,17-20:7
>SRR10092187.864	0-20:6130	0-20:4693
>SRR10092187.865	0-19:3,20-20:*	0-20:*
>SRR10092187.866	0-20:*	0-20:*
>SRR10092187.867	0-20:*	0-20:*
>SRR10092187.868	0-20:*	0-20:*
>SRR10092187.869	0-6:*,7-20:2	0-20:*
>SRR10092187.870	0-20:*	0-20:*
>SRR10092187.871	0-1:175,2-5:212,6-6:222,7-20:6130	0-2:126,3-5:151,6-6:156,7-20:4693
>SRR10092187.872	0-13:*,14-20:2	0-20:*
>SRR10092187.873	0-19:*,20-20:2	0-20:*
>SRR10092187.874	0-2:44,3-9:5,10-20:*	0-2:4,3-20:*
>SRR10092187.878	0-20:*	0-20:*
>SRR10092187.879	0-20:4	0-20:*
>SRR10092187.880	0-20:*	0-20:*
>SRR10092187.881	0-8:*,9-20:2	0-20:*
>SRR10092187.882	0-18:2,19-20:*	0-20:*
>SRR10092187.883	0-20:*	0-20:*
>SRR10092187.884	0-3:11,4-20:6	0-20:*
>SRR10092187.885	0-20:*	0-20:*
>SRR10092187.886	0-20:*	0-20:*
>SRR10092187.887	0-15:*,16-20:2	0-3:*,4-7:2,8-10:*,11-11:2,12-14:*,15-15:2,16-17:7,18-20:5
>SRR10092187.888	0-20:*	0-20:*
>SRR10092187.889	0-20:*	0-20:*
>SRR10092187.890	0-11:4,12-20:*	0-20:*
>SRR10092187.891	0-11:*,12-13:13,14-15:17,16-20:19	0-20:*
>SRR10092187.892	0-8:2,9-20:*	0-20:*
>SRR10092187.893	0-20:*	0-20:*
>SRR10092187.896	0-20:*	0-20:*
>SRR10092187.897	0-11:*,12-15:2,16-18:*,19-20:2	0-20:*
>SRR10092187.898	0-20:*	0-20:*
>SRR10092187.899	0-13:6,14-14:11,15-18:14,19-20:10	0-20:*
>SRR10092187.900	0-10:2,11-13:*,14-20:3	0-20:*
>SRR10092187.901	0-1:2,2-20:*	0-20:*
>SRR10092187.902	0-20:*	0-20:*
>SRR10092187.903	0-20:*	0-20:*
>SRR10092187.904	0-20:*	0-20:*
>SRR10092187.905	0-20:*	0-20:*
>SRR10092187.906	0-20:33	0-0:2,1-7:*,8-20:2
>SRR10092187.907	0-18:*,19-20:5	0-20:*
>SRR10092187.908	0-12:*,13-13:32,14-20:33	0-12:*,13-20:3
>SRR10092187.912	0-3:32,4-4:29,5-8:24,9-12:22,13-13:20,14-20:14	0-3:2,4-20:*
>SRR10092187.913	0-20:*	0-20:*
>SRR10092187.914	0-20:9	0-10:2,11-20:*
>SRR10092187.915	0-11:2,12-20:8	0-20:*
>SRR10092187.916	0-20:*	0-20:*
>SRR10092187.917	0-20:*	0-20:*
>SRR10092187.918	0-20:*	0-20:*
>SRR10092187.919	0-20:5	0-20:*
>SRR10092187.920	0-20:*	0-20:*
>SRR10092187.921	0-20:*	0-20:*
>SRR10092187.922	0-14:20,15-16:29,17-20:22	0-15:*,16-20:2
>SRR10092187.923	0-1:2,2-15:*,16-20:2	0-20:*
>SRR10092187.924	0-20:*	0-20:*
>SRR10092187.925	0-20:*	0-20:*
>SRR10092187.926	0-20:*	0-20:*
>SRR10092187.927	0-20:*	0-20:*
>SRR10092187.928	0-17:*,18-20:8	0-17:*,18-20:2
>SRR10092187.929	0-20:*	0-20:*
>SRR10092187.930	0-20:5	0-20:*
>SRR10092187.931	0-1:3,2-20:*	0-20:*
>SRR10092187.932	0-20:5	0-20:*
>SRR10092187.933	0-20:*	0-20:*
>SRR10092187.937	0-4:*,5-20:9	0-4:*,5-16:2,17-20:*
>SRR10092187.938	0-20:*	0-20:*
>SRR10092187.939	0-4:*,5-20:2	0-20:*
>SRR10092187.940	0-20:*	0-20:*
>SRR10092187.941	0-20:*	0-20:*
>SRR10092187.942	0-20:*	0-20:*
>SRR10092187.943	0-20:5	0-18:*,19-20:2
>SRR10092187.944	0-13:*,14-20:12	0-20:*
>SRR10092187.945	0-20:*	0-20:*
>SRR10092187.946	0-20:*	0-20:*
>SRR10092187.947	0-20:*	0-20:*
>SRR10092187.948	0-20:6130	0-20:4693
>SRR10092187.951	0-20:*	0-20:*
>SRR10092187.952	0-20:*	0-20:*
>SRR10092187.953	0-20:*	0-20:*
>SRR10092187.954	0-20:*	0-20:*
>SRR10092187.955	0-20:*	0-20:*
>SRR10092187.956	0-20:*	0-20:*
>SRR10092187.957	0-20:*	0-20:*
>SRR10092187.958	0-20:*	0-20:*
>SRR10092187.959	0-1:*,2-20:3	0-20:*
>SRR10092187.960	0-20:*	0-20:*
>SRR10092187.961	0-20:33	0-8:2,9-12:*,13-20:4
>SRR10092187.962	0-9:*,10-20:3	0-20:*
>SRR10092187.963	0-20:6	0-20:*
>SRR10092187.964	0-20:*	0-20:*
>SRR10092187.966	0-4:*,5-7:3,8-8:67,9-9:87,10-10:94,11-20:59	0-5:*,6-7:2,8-8:12,9-9:17,10-20:4
>SRR10092187.967	0-20:*	0-20:*
>SRR10092187.968	0-2:17,3-20:20	0-20:*
>SRR10092187.969	0-20:*	0-20:*
>SRR10092187.970	0-4:2,5-10:*,11-18:2,19-20:*	0-20:*
>SRR10092187.971	0-20:*	0-20:*
>SRR10092187.972	0-20:*	0-20:*
>SRR10092187.973	0-20:*	0-20:*
>SRR10092187.974	0-11:*,12-20:33	0-11:*,12-20:4
>SRR10092187.975	0-12:*,13-13:2,14-17:10,18-18:94,19-20:59	0-13:*,14-17:2,18-20:4
>SRR10092187.976	0-20:9	0-13:3,14-20:*
>SRR10092187.977	0-5:5,6-20:*	0-20:*
>SRR10092187.978	0-9:*,10-20:5	0-20:*
>SRR10092187.979	0-20:*	0-20:*
>SRR10092187.980	0-20:*	0-20:*
>SRR10092187.981	0-0:2,1-2:*,3-15:2,16-20:*	0-20:*
>SRR10092187.982	0-20:*	0-20:*
>SRR10092187.989	0-20:*	0-20:*
>SRR10092187.990	0-20:*	0-20:*
>SRR10092187.991	0-9:7,10-10:16,11-20:17	0-0:*,1-9:4,10-18:9,19-20:7
>SRR10092187.992	0-20:*	0-20:*
>SRR10092187.993	0-20:*	0-20:*
>SRR10092187.994	0-20:*	0-20:*
>SRR10092187.995	0-11:3,12-18:32,19-20:39	0-11:*,12-17:2,18-20:*
>SRR10092187.996	0-20:*	0-20:*
>SRR10092187.997	0-5:*,6-18:3,19-20:*	0-20:*
>SRR10092187.998	0-19:17,20-20:4	0-16:2,17-20:*
>SRR10092187.999	0-20:*	0-20:*
>SRR10092187.1000	0-20:*	0-20:*
